Component: ARM Compiler 5.06 update 6 (build 750) Tool: armlink [4d35ed]

==============================================================================

Section Cross References

    startup_stm32h7b0xx.o(RESET) refers to startup_stm32h7b0xx.o(STACK) for __initial_sp
    startup_stm32h7b0xx.o(RESET) refers to startup_stm32h7b0xx.o(.text) for Reset_Handler
    startup_stm32h7b0xx.o(RESET) refers to stm32h7xx_it.o(i.NMI_Handler) for NMI_Handler
    startup_stm32h7b0xx.o(RESET) refers to stm32h7xx_it.o(i.HardFault_Handler) for HardFault_Handler
    startup_stm32h7b0xx.o(RESET) refers to stm32h7xx_it.o(i.MemManage_Handler) for MemManage_Handler
    startup_stm32h7b0xx.o(RESET) refers to stm32h7xx_it.o(i.BusFault_Handler) for BusFault_Handler
    startup_stm32h7b0xx.o(RESET) refers to stm32h7xx_it.o(i.UsageFault_Handler) for UsageFault_Handler
    startup_stm32h7b0xx.o(RESET) refers to stm32h7xx_it.o(i.SVC_Handler) for SVC_Handler
    startup_stm32h7b0xx.o(RESET) refers to stm32h7xx_it.o(i.DebugMon_Handler) for DebugMon_Handler
    startup_stm32h7b0xx.o(RESET) refers to stm32h7xx_it.o(i.PendSV_Handler) for PendSV_Handler
    startup_stm32h7b0xx.o(RESET) refers to stm32h7xx_it.o(i.SysTick_Handler) for SysTick_Handler
    startup_stm32h7b0xx.o(.text) refers to system_stm32h7xx.o(i.SystemInit) for SystemInit
    startup_stm32h7b0xx.o(.text) refers to entry.o(.ARM.Collect$$$$00000000) for __main
    main.o(i.SPI_W25Qxx_Test) refers to stm32h7xx_hal.o(i.HAL_GetTick) for HAL_GetTick
    main.o(i.SPI_W25Qxx_Test) refers to spi_w25q64.o(i.SPI_W25Qxx_BlockErase_32K) for SPI_W25Qxx_BlockErase_32K
    main.o(i.SPI_W25Qxx_Test) refers to printfa.o(i.__0printf) for __2printf
    main.o(i.SPI_W25Qxx_Test) refers to spi_w25q64.o(i.SPI_W25Qxx_WriteBuffer) for SPI_W25Qxx_WriteBuffer
    main.o(i.SPI_W25Qxx_Test) refers to spi_w25q64.o(i.SPI_W25Qxx_ReadBuffer) for SPI_W25Qxx_ReadBuffer
    main.o(i.SPI_W25Qxx_Test) refers to main.o(.data) for .data
    main.o(i.SPI_W25Qxx_Test) refers to main.o(.bss) for .bss
    main.o(i.SPI_W25Qxx_Test) refers to main.o(.conststring) for .conststring
    main.o(i.SystemClock_Config) refers to memseta.o(.text) for __aeabi_memclr4
    main.o(i.SystemClock_Config) refers to stm32h7xx_hal_pwr_ex.o(i.HAL_PWREx_ConfigSupply) for HAL_PWREx_ConfigSupply
    main.o(i.SystemClock_Config) refers to stm32h7xx_hal_rcc.o(i.HAL_RCC_OscConfig) for HAL_RCC_OscConfig
    main.o(i.SystemClock_Config) refers to stm32h7xx_hal_rcc.o(i.HAL_RCC_ClockConfig) for HAL_RCC_ClockConfig
    main.o(i.SystemClock_Config) refers to stm32h7xx_hal_rcc_ex.o(i.HAL_RCCEx_PeriphCLKConfig) for HAL_RCCEx_PeriphCLKConfig
    main.o(i.main) refers to stm32h7xx_hal.o(i.HAL_Init) for HAL_Init
    main.o(i.main) refers to main.o(i.SystemClock_Config) for SystemClock_Config
    main.o(i.main) refers to led.o(i.LED_Init) for LED_Init
    main.o(i.main) refers to key.o(i.KEY_Init) for KEY_Init
    main.o(i.main) refers to usart.o(i.USART1_Init) for USART1_Init
    main.o(i.main) refers to spi_w25q64.o(i.SPI_W25Qxx_Init) for SPI_W25Qxx_Init
    main.o(i.main) refers to main.o(i.SPI_W25Qxx_Test) for SPI_W25Qxx_Test
    main.o(i.main) refers to stm32h7xx_hal_gpio.o(i.HAL_GPIO_TogglePin) for HAL_GPIO_TogglePin
    main.o(i.main) refers to stm32h7xx_hal.o(i.HAL_Delay) for HAL_Delay
    stm32h7xx_it.o(i.SysTick_Handler) refers to stm32h7xx_hal.o(i.HAL_IncTick) for HAL_IncTick
    led.o(i.LED_Init) refers to memseta.o(.text) for __aeabi_memclr4
    led.o(i.LED_Init) refers to stm32h7xx_hal_gpio.o(i.HAL_GPIO_WritePin) for HAL_GPIO_WritePin
    led.o(i.LED_Init) refers to stm32h7xx_hal_gpio.o(i.HAL_GPIO_Init) for HAL_GPIO_Init
    key.o(i.KEY_Init) refers to memseta.o(.text) for __aeabi_memclr4
    key.o(i.KEY_Init) refers to stm32h7xx_hal_gpio.o(i.HAL_GPIO_Init) for HAL_GPIO_Init
    key.o(i.KEY_Scan) refers to stm32h7xx_hal_gpio.o(i.HAL_GPIO_ReadPin) for HAL_GPIO_ReadPin
    key.o(i.KEY_Scan) refers to stm32h7xx_hal.o(i.HAL_Delay) for HAL_Delay
    usart.o(i.HAL_UART_MspInit) refers to memseta.o(.text) for __aeabi_memclr4
    usart.o(i.HAL_UART_MspInit) refers to stm32h7xx_hal_gpio.o(i.HAL_GPIO_Init) for HAL_GPIO_Init
    usart.o(i.USART1_Init) refers to stm32h7xx_hal_uart.o(i.HAL_UART_Init) for HAL_UART_Init
    usart.o(i.USART1_Init) refers to stm32h7xx_hal_uart_ex.o(i.HAL_UARTEx_SetTxFifoThreshold) for HAL_UARTEx_SetTxFifoThreshold
    usart.o(i.USART1_Init) refers to stm32h7xx_hal_uart_ex.o(i.HAL_UARTEx_SetRxFifoThreshold) for HAL_UARTEx_SetRxFifoThreshold
    usart.o(i.USART1_Init) refers to stm32h7xx_hal_uart_ex.o(i.HAL_UARTEx_DisableFifoMode) for HAL_UARTEx_DisableFifoMode
    usart.o(i.USART1_Init) refers to usart.o(.bss) for .bss
    usart.o(i.fputc) refers to stm32h7xx_hal_uart.o(i.HAL_UART_Transmit) for HAL_UART_Transmit
    usart.o(i.fputc) refers to usart.o(.bss) for .bss
    spi_w25q64.o(i.HAL_SPI_MspInit) refers to memseta.o(.text) for __aeabi_memclr4
[...]
    Removing stm32h7xx_hal.o(i.HAL_DBGMCU_DisableDBGStopMode), (16 bytes).
    Removing stm32h7xx_hal.o(i.HAL_DBGMCU_EnableDBGSleepMode), (16 bytes).
    Removing stm32h7xx_hal.o(i.HAL_DBGMCU_EnableDBGStandbyMode), (16 bytes).
    Removing stm32h7xx_hal.o(i.HAL_DBGMCU_EnableDBGStopMode), (16 bytes).
    Removing stm32h7xx_hal.o(i.HAL_DeInit), (120 bytes).
    Removing stm32h7xx_hal.o(i.HAL_DisableCompensationCell), (16 bytes).
    Removing stm32h7xx_hal.o(i.HAL_DisableDomain3DBGStandbyMode), (16 bytes).
    Removing stm32h7xx_hal.o(i.HAL_DisableDomain3DBGStopMode), (16 bytes).
    Removing stm32h7xx_hal.o(i.HAL_EXTI_D1_ClearFlag), (22 bytes).
    Removing stm32h7xx_hal.o(i.HAL_EXTI_D1_EventInputConfig), (66 bytes).
    Removing stm32h7xx_hal.o(i.HAL_EXTI_D3_EventInputConfig), (70 bytes).
    Removing stm32h7xx_hal.o(i.HAL_EXTI_EdgeConfig), (58 bytes).
    Removing stm32h7xx_hal.o(i.HAL_EXTI_GenerateSWInterrupt), (24 bytes).
    Removing stm32h7xx_hal.o(i.HAL_EnableCompensationCell), (16 bytes).
    Removing stm32h7xx_hal.o(i.HAL_EnableDomain3DBGStandbyMode), (16 bytes).
    Removing stm32h7xx_hal.o(i.HAL_EnableDomain3DBGStopMode), (16 bytes).
    Removing stm32h7xx_hal.o(i.HAL_GetDEVID), (16 bytes).
    Removing stm32h7xx_hal.o(i.HAL_GetFMCMemorySwappingConfig), (16 bytes).
    Removing stm32h7xx_hal.o(i.HAL_GetHalVersion), (6 bytes).
    Removing stm32h7xx_hal.o(i.HAL_GetREVID), (12 bytes).
    Removing stm32h7xx_hal.o(i.HAL_GetTickFreq), (12 bytes).
    Removing stm32h7xx_hal.o(i.HAL_GetTickPrio), (12 bytes).
    Removing stm32h7xx_hal.o(i.HAL_GetUIDw0), (12 bytes).
    Removing stm32h7xx_hal.o(i.HAL_GetUIDw1), (12 bytes).
    Removing stm32h7xx_hal.o(i.HAL_GetUIDw2), (12 bytes).
    Removing stm32h7xx_hal.o(i.HAL_MspDeInit), (2 bytes).
    Removing stm32h7xx_hal.o(i.HAL_MspInit), (2 bytes).
    Removing stm32h7xx_hal.o(i.HAL_ResumeTick), (14 bytes).
    Removing stm32h7xx_hal.o(i.HAL_SYSCFG_AnalogSwitchConfig), (16 bytes).
    Removing stm32h7xx_hal.o(i.HAL_SYSCFG_CompensationCodeConfig), (24 bytes).
    Removing stm32h7xx_hal.o(i.HAL_SYSCFG_CompensationCodeSelect), (20 bytes).
    Removing stm32h7xx_hal.o(i.HAL_SYSCFG_DisableIOSpeedOptimize), (16 bytes).
    Removing stm32h7xx_hal.o(i.HAL_SYSCFG_DisableVREFBUF), (16 bytes).
    Removing stm32h7xx_hal.o(i.HAL_SYSCFG_EnableIOSpeedOptimize), (16 bytes).
    Removing stm32h7xx_hal.o(i.HAL_SYSCFG_EnableVREFBUF), (48 bytes).
    Removing stm32h7xx_hal.o(i.HAL_SYSCFG_VDDMMC_CompensationCodeConfig), (24 bytes).
    Removing stm32h7xx_hal.o(i.HAL_SYSCFG_VREFBUF_HighImpedanceConfig), (20 bytes).
    Removing stm32h7xx_hal.o(i.HAL_SYSCFG_VREFBUF_TrimmingConfig), (20 bytes).
    Removing stm32h7xx_hal.o(i.HAL_SYSCFG_VREFBUF_VoltageScalingConfig), (20 bytes).
    Removing stm32h7xx_hal.o(i.HAL_SetFMCMemorySwappingConfig), (20 bytes).
    Removing stm32h7xx_hal.o(i.HAL_SetTickFreq), (36 bytes).
    Removing stm32h7xx_hal.o(i.HAL_SuspendTick), (14 bytes).
    Removing stm32h7xx_hal_i2c.o(.rev16_text), (4 bytes).
    Removing stm32h7xx_hal_i2c.o(.revsh_text), (4 bytes).
    Removing stm32h7xx_hal_i2c.o(.rrx_text), (6 bytes).
    Removing stm32h7xx_hal_i2c.o(i.HAL_I2C_AbortCpltCallback), (2 bytes).
    Removing stm32h7xx_hal_i2c.o(i.HAL_I2C_AddrCallback), (2 bytes).
    Removing stm32h7xx_hal_i2c.o(i.HAL_I2C_DeInit), (52 bytes).
    Removing stm32h7xx_hal_i2c.o(i.HAL_I2C_DisableListen_IT), (54 bytes).
    Removing stm32h7xx_hal_i2c.o(i.HAL_I2C_ER_IRQHandler), (104 bytes).
    Removing stm32h7xx_hal_i2c.o(i.HAL_I2C_EV_IRQHandler), (16 bytes).
    Removing stm32h7xx_hal_i2c.o(i.HAL_I2C_EnableListen_IT), (40 bytes).
    Removing stm32h7xx_hal_i2c.o(i.HAL_I2C_ErrorCallback), (2 bytes).
    Removing stm32h7xx_hal_i2c.o(i.HAL_I2C_GetError), (4 bytes).
    Removing stm32h7xx_hal_i2c.o(i.HAL_I2C_GetMode), (6 bytes).
    Removing stm32h7xx_hal_i2c.o(i.HAL_I2C_GetState), (6 bytes).
    Removing stm32h7xx_hal_i2c.o(i.HAL_I2C_Init), (184 bytes).
    Removing stm32h7xx_hal_i2c.o(i.HAL_I2C_IsDeviceReady), (304 bytes).
    Removing stm32h7xx_hal_i2c.o(i.HAL_I2C_ListenCpltCallback), (2 bytes).
    Removing stm32h7xx_hal_i2c.o(i.HAL_I2C_MasterRxCpltCallback), (2 bytes).
    Removing stm32h7xx_hal_i2c.o(i.HAL_I2C_MasterTxCpltCallback), (2 bytes).
    Removing stm32h7xx_hal_i2c.o(i.HAL_I2C_Master_Abort_IT), (124 bytes).
    Removing stm32h7xx_hal_i2c.o(i.HAL_I2C_Master_Receive), (292 bytes).
    Removing stm32h7xx_hal_i2c.o(i.HAL_I2C_Master_Receive_DMA), (300 bytes).
    Removing stm32h7xx_hal_i2c.o(i.HAL_I2C_Master_Receive_IT), (132 bytes).
    Removing stm32h7xx_hal_i2c.o(i.HAL_I2C_Master_Seq_Receive_DMA), (324 bytes).
    Removing stm32h7xx_hal_i2c.o(i.HAL_I2C_Master_Seq_Receive_IT), (160 bytes).
    Removing stm32h7xx_hal_i2c.o(i.HAL_I2C_Master_Seq_Transmit_DMA), (324 bytes).
    Removing stm32h7xx_hal_i2c.o(i.HAL_I2C_Master_Seq_Transmit_IT), (160 bytes).
    Removing stm32h7xx_hal_i2c.o(i.HAL_I2C_Master_Transmit), (292 bytes).
    Removing stm32h7xx_hal_i2c.o(i.HAL_I2C_Master_Transmit_DMA), (308 bytes).
    Removing stm32h7xx_hal_i2c.o(i.HAL_I2C_Master_Transmit_IT), (132 bytes).
    Removing stm32h7xx_hal_i2c.o(i.HAL_I2C_MemRxCpltCallback), (2 bytes).
    Removing stm32h7xx_hal_i2c.o(i.HAL_I2C_MemTxCpltCallback), (2 bytes).
    Removing stm32h7xx_hal_i2c.o(i.HAL_I2C_Mem_Read), (356 bytes).
    Removing stm32h7xx_hal_i2c.o(i.HAL_I2C_Mem_Read_DMA), (304 bytes).
    Removing stm32h7xx_hal_i2c.o(i.HAL_I2C_Mem_Read_IT), (196 bytes).
    Removing stm32h7xx_hal_i2c.o(i.HAL_I2C_Mem_Write), (344 bytes).
    Removing stm32h7xx_hal_i2c.o(i.HAL_I2C_Mem_Write_DMA), (296 bytes).
    Removing stm32h7xx_hal_i2c.o(i.HAL_I2C_Mem_Write_IT), (188 bytes).
    Removing stm32h7xx_hal_i2c.o(i.HAL_I2C_MspDeInit), (2 bytes).
    Removing stm32h7xx_hal_i2c.o(i.HAL_I2C_MspInit), (2 bytes).
    Removing stm32h7xx_hal_i2c.o(i.HAL_I2C_SlaveRxCpltCallback), (2 bytes).
    Removing stm32h7xx_hal_i2c.o(i.HAL_I2C_SlaveTxCpltCallback), (2 bytes).
    Removing stm32h7xx_hal_i2c.o(i.HAL_I2C_Slave_Receive), (296 bytes).
    Removing stm32h7xx_hal_i2c.o(i.HAL_I2C_Slave_Receive_DMA), (232 bytes).
    Removing stm32h7xx_hal_i2c.o(i.HAL_I2C_Slave_Receive_IT), (96 bytes).
    Removing stm32h7xx_hal_i2c.o(i.HAL_I2C_Slave_Seq_Receive_DMA), (360 bytes).
    Removing stm32h7xx_hal_i2c.o(i.HAL_I2C_Slave_Seq_Receive_IT), (200 bytes).
    Removing stm32h7xx_hal_i2c.o(i.HAL_I2C_Slave_Seq_Transmit_DMA), (356 bytes).
    Removing stm32h7xx_hal_i2c.o(i.HAL_I2C_Slave_Seq_Transmit_IT), (200 bytes).
    Removing stm32h7xx_hal_i2c.o(i.HAL_I2C_Slave_Transmit), (304 bytes).
    Removing stm32h7xx_hal_i2c.o(i.HAL_I2C_Slave_Transmit_DMA), (224 bytes).
    Removing stm32h7xx_hal_i2c.o(i.HAL_I2C_Slave_Transmit_IT), (96 bytes).
    Removing stm32h7xx_hal_i2c.o(i.I2C_ConvertOtherXferOptions), (26 bytes).
    Removing stm32h7xx_hal_i2c.o(i.I2C_DMAAbort), (20 bytes).
    Removing stm32h7xx_hal_i2c.o(i.I2C_DMAError), (332 bytes).
    Removing stm32h7xx_hal_i2c.o(i.I2C_DMAMasterReceiveCplt), (82 bytes).
    Removing stm32h7xx_hal_i2c.o(i.I2C_DMAMasterTransmitCplt), (82 bytes).
    Removing stm32h7xx_hal_i2c.o(i.I2C_DMASlaveReceiveCplt), (164 bytes).
    Removing stm32h7xx_hal_i2c.o(i.I2C_DMASlaveTransmitCplt), (30 bytes).
    Removing stm32h7xx_hal_i2c.o(i.I2C_Disable_IRQ), (96 bytes).
    Removing stm32h7xx_hal_i2c.o(i.I2C_Enable_IRQ), (104 bytes).
    Removing stm32h7xx_hal_i2c.o(i.I2C_Flush_TXDR), (34 bytes).
    Removing stm32h7xx_hal_i2c.o(i.I2C_ITAddrCplt), (148 bytes).
    Removing stm32h7xx_hal_i2c.o(i.I2C_ITError), (248 bytes).
    Removing stm32h7xx_hal_i2c.o(i.I2C_ITListenCplt), (100 bytes).
    Removing stm32h7xx_hal_i2c.o(i.I2C_ITMasterCplt), (244 bytes).
    Removing stm32h7xx_hal_i2c.o(i.I2C_ITMasterSeqCplt), (80 bytes).
    Removing stm32h7xx_hal_i2c.o(i.I2C_ITSlaveCplt), (460 bytes).
    Removing stm32h7xx_hal_i2c.o(i.I2C_ITSlaveSeqCplt), (114 bytes).
    Removing stm32h7xx_hal_i2c.o(i.I2C_IsAcknowledgeFailed), (136 bytes).
    Removing stm32h7xx_hal_i2c.o(i.I2C_Master_ISR_DMA), (272 bytes).
    Removing stm32h7xx_hal_i2c.o(i.I2C_Master_ISR_IT), (296 bytes).
    Removing stm32h7xx_hal_i2c.o(i.I2C_RequestMemoryRead), (100 bytes).
    Removing stm32h7xx_hal_i2c.o(i.I2C_RequestMemoryWrite), (100 bytes).
    Removing stm32h7xx_hal_i2c.o(i.I2C_Slave_ISR_DMA), (532 bytes).
    Removing stm32h7xx_hal_i2c.o(i.I2C_Slave_ISR_IT), (288 bytes).
    Removing stm32h7xx_hal_i2c.o(i.I2C_TransferConfig), (44 bytes).
    Removing stm32h7xx_hal_i2c.o(i.I2C_TreatErrorCallback), (42 bytes).
    Removing stm32h7xx_hal_i2c.o(i.I2C_WaitOnFlagUntilTimeout), (90 bytes).
    Removing stm32h7xx_hal_i2c.o(i.I2C_WaitOnRXNEFlagUntilTimeout), (136 bytes).
    Removing stm32h7xx_hal_i2c.o(i.I2C_WaitOnSTOPFlagUntilTimeout), (78 bytes).
    Removing stm32h7xx_hal_i2c.o(i.I2C_WaitOnTXISFlagUntilTimeout), (82 bytes).
    Removing stm32h7xx_hal_i2c_ex.o(.rev16_text), (4 bytes).
    Removing stm32h7xx_hal_i2c_ex.o(.revsh_text), (4 bytes).
    Removing stm32h7xx_hal_i2c_ex.o(.rrx_text), (6 bytes).
    Removing stm32h7xx_hal_i2c_ex.o(i.HAL_I2CEx_ConfigAnalogFilter), (88 bytes).
    Removing stm32h7xx_hal_i2c_ex.o(i.HAL_I2CEx_ConfigDigitalFilter), (84 bytes).
    Removing stm32h7xx_hal_i2c_ex.o(i.HAL_I2CEx_DisableFastModePlus), (40 bytes).
    Removing stm32h7xx_hal_i2c_ex.o(i.HAL_I2CEx_DisableWakeUp), (80 bytes).
    Removing stm32h7xx_hal_i2c_ex.o(i.HAL_I2CEx_EnableFastModePlus), (40 bytes).
    Removing stm32h7xx_hal_i2c_ex.o(i.HAL_I2CEx_EnableWakeUp), (80 bytes).
    Removing stm32h7xx_hal_exti.o(.rev16_text), (4 bytes).
    Removing stm32h7xx_hal_exti.o(.revsh_text), (4 bytes).
    Removing stm32h7xx_hal_exti.o(.rrx_text), (6 bytes).
    Removing stm32h7xx_hal_exti.o(i.HAL_EXTI_ClearConfigLine), (200 bytes).
    Removing stm32h7xx_hal_exti.o(i.HAL_EXTI_ClearPending), (28 bytes).
    Removing stm32h7xx_hal_exti.o(i.HAL_EXTI_GenerateSWI), (28 bytes).
    Removing stm32h7xx_hal_exti.o(i.HAL_EXTI_GetConfigLine), (248 bytes).
    Removing stm32h7xx_hal_exti.o(i.HAL_EXTI_GetHandle), (12 bytes).
    Removing stm32h7xx_hal_exti.o(i.HAL_EXTI_GetPending), (32 bytes).
    Removing stm32h7xx_hal_exti.o(i.HAL_EXTI_IRQHandler), (48 bytes).
    Removing stm32h7xx_hal_exti.o(i.HAL_EXTI_RegisterCallback), (18 bytes).
    Removing stm32h7xx_hal_exti.o(i.HAL_EXTI_SetConfigLine), (268 bytes).
    Removing stm32h7xx_hal_tim.o(.rev16_text), (4 bytes).
    Removing stm32h7xx_hal_tim.o(.revsh_text), (4 bytes).
    Removing stm32h7xx_hal_tim.o(.rrx_text), (6 bytes).
    Removing stm32h7xx_hal_tim_ex.o(.rev16_text), (4 bytes).
    Removing stm32h7xx_hal_tim_ex.o(.revsh_text), (4 bytes).
    Removing stm32h7xx_hal_tim_ex.o(.rrx_text), (6 bytes).
    Removing stm32h7xx_hal_uart.o(.rev16_text), (4 bytes).
    Removing stm32h7xx_hal_uart.o(.revsh_text), (4 bytes).
    Removing stm32h7xx_hal_uart.o(.rrx_text), (6 bytes).
    Removing stm32h7xx_hal_uart.o(i.HAL_HalfDuplex_EnableReceiver), (62 bytes).
    Removing stm32h7xx_hal_uart.o(i.HAL_HalfDuplex_EnableTransmitter), (62 bytes).
    Removing stm32h7xx_hal_uart.o(i.HAL_HalfDuplex_Init), (116 bytes).
    Removing stm32h7xx_hal_uart.o(i.HAL_LIN_Init), (140 bytes).
    Removing stm32h7xx_hal_uart.o(i.HAL_LIN_SendBreak), (50 bytes).
    Removing stm32h7xx_hal_uart.o(i.HAL_MultiProcessor_DisableMuteMode), (44 bytes).
    Removing stm32h7xx_hal_uart.o(i.HAL_MultiProcessor_EnableMuteMode), (44 bytes).
    Removing stm32h7xx_hal_uart.o(i.HAL_MultiProcessor_EnterMuteMode), (12 bytes).
    Removing stm32h7xx_hal_uart.o(i.HAL_MultiProcessor_Init), (138 bytes).
    Removing stm32h7xx_hal_uart.o(i.HAL_UARTEx_RxEventCallback), (2 bytes).
    Removing stm32h7xx_hal_uart.o(i.HAL_UART_Abort), (200 bytes).
    Removing stm32h7xx_hal_uart.o(i.HAL_UART_AbortCpltCallback), (2 bytes).
    Removing stm32h7xx_hal_uart.o(i.HAL_UART_AbortReceive), (128 bytes).
    Removing stm32h7xx_hal_uart.o(i.HAL_UART_AbortReceiveCpltCallback), (2 bytes).
    Removing stm32h7xx_hal_uart.o(i.HAL_UART_AbortReceive_IT), (144 bytes).
    Removing stm32h7xx_hal_uart.o(i.HAL_UART_AbortTransmit), (110 bytes).
    Removing stm32h7xx_hal_uart.o(i.HAL_UART_AbortTransmitCpltCallback), (2 bytes).
    Removing stm32h7xx_hal_uart.o(i.HAL_UART_AbortTransmit_IT), (120 bytes).
    Removing stm32h7xx_hal_uart.o(i.HAL_UART_Abort_IT), (236 bytes).
    Removing stm32h7xx_hal_uart.o(i.HAL_UART_DMAPause), (100 bytes).
    Removing stm32h7xx_hal_uart.o(i.HAL_UART_DMAResume), (92 bytes).
    Removing stm32h7xx_hal_uart.o(i.HAL_UART_DMAStop), (118 bytes).
    Removing stm32h7xx_hal_uart.o(i.HAL_UART_DeInit), (68 bytes).
    Removing stm32h7xx_hal_uart.o(i.HAL_UART_DisableReceiverTimeout), (76 bytes).
    Removing stm32h7xx_hal_uart.o(i.HAL_UART_EnableReceiverTimeout), (76 bytes).
    Removing stm32h7xx_hal_uart.o(i.HAL_UART_ErrorCallback), (2 bytes).
    Removing stm32h7xx_hal_uart.o(i.HAL_UART_GetError), (6 bytes).
    Removing stm32h7xx_hal_uart.o(i.HAL_UART_GetState), (14 bytes).
    Removing stm32h7xx_hal_uart.o(i.HAL_UART_IRQHandler), (772 bytes).
    Removing stm32h7xx_hal_uart.o(i.HAL_UART_MspDeInit), (2 bytes).
    Removing stm32h7xx_hal_uart.o(i.HAL_UART_MspInit), (2 bytes).
    Removing stm32h7xx_hal_uart.o(i.HAL_UART_Receive), (254 bytes).
    Removing stm32h7xx_hal_uart.o(i.HAL_UART_Receive_DMA), (76 bytes).
    Removing stm32h7xx_hal_uart.o(i.HAL_UART_Receive_IT), (76 bytes).
    Removing stm32h7xx_hal_uart.o(i.HAL_UART_ReceiverTimeout_Config), (24 bytes).
    Removing stm32h7xx_hal_uart.o(i.HAL_UART_RxCpltCallback), (2 bytes).
    Removing stm32h7xx_hal_uart.o(i.HAL_UART_RxHalfCpltCallback), (2 bytes).
    Removing stm32h7xx_hal_uart.o(i.HAL_UART_Transmit_DMA), (156 bytes).
    Removing stm32h7xx_hal_uart.o(i.HAL_UART_Transmit_IT), (156 bytes).
    Removing stm32h7xx_hal_uart.o(i.HAL_UART_TxCpltCallback), (2 bytes).
    Removing stm32h7xx_hal_uart.o(i.HAL_UART_TxHalfCpltCallback), (2 bytes).
    Removing stm32h7xx_hal_uart.o(i.UART_DMAAbortOnError), (20 bytes).
    Removing stm32h7xx_hal_uart.o(i.UART_DMAError), (78 bytes).
    Removing stm32h7xx_hal_uart.o(i.UART_DMAReceiveCplt), (92 bytes).
    Removing stm32h7xx_hal_uart.o(i.UART_DMARxAbortCallback), (66 bytes).
    Removing stm32h7xx_hal_uart.o(i.UART_DMARxHalfCplt), (28 bytes).
    Removing stm32h7xx_hal_uart.o(i.UART_DMARxOnlyAbortCallback), (40 bytes).
    Removing stm32h7xx_hal_uart.o(i.UART_DMATransmitCplt), (46 bytes).
    Removing stm32h7xx_hal_uart.o(i.UART_DMATxAbortCallback), (74 bytes).
    Removing stm32h7xx_hal_uart.o(i.UART_DMATxHalfCplt), (10 bytes).
    Removing stm32h7xx_hal_uart.o(i.UART_DMATxOnlyAbortCallback), (40 bytes).
    Removing stm32h7xx_hal_uart.o(i.UART_EndRxTransfer), (56 bytes).
    Removing stm32h7xx_hal_uart.o(i.UART_EndTxTransfer), (28 bytes).
    Removing stm32h7xx_hal_uart.o(i.UART_RxISR_16BIT), (128 bytes).
    Removing stm32h7xx_hal_uart.o(i.UART_RxISR_16BIT_FIFOEN), (328 bytes).
    Removing stm32h7xx_hal_uart.o(i.UART_RxISR_8BIT), (128 bytes).
    Removing stm32h7xx_hal_uart.o(i.UART_RxISR_8BIT_FIFOEN), (328 bytes).
    Removing stm32h7xx_hal_uart.o(i.UART_Start_Receive_DMA), (136 bytes).
    Removing stm32h7xx_hal_uart.o(i.UART_Start_Receive_IT), (216 bytes).
    Removing stm32h7xx_hal_uart.o(i.UART_TxISR_16BIT), (66 bytes).
    Removing stm32h7xx_hal_uart.o(i.UART_TxISR_16BIT_FIFOEN), (88 bytes).
    Removing stm32h7xx_hal_uart.o(i.UART_TxISR_8BIT), (62 bytes).
    Removing stm32h7xx_hal_uart.o(i.UART_TxISR_8BIT_FIFOEN), (84 bytes).
    Removing stm32h7xx_hal_uart_ex.o(.rev16_text), (4 bytes).
    Removing stm32h7xx_hal_uart_ex.o(.revsh_text), (4 bytes).
    Removing stm32h7xx_hal_uart_ex.o(.rrx_text), (6 bytes).
    Removing stm32h7xx_hal_uart_ex.o(i.HAL_MultiProcessorEx_AddressLength_Set), (48 bytes).
    Removing stm32h7xx_hal_uart_ex.o(i.HAL_RS485Ex_Init), (140 bytes).
    Removing stm32h7xx_hal_uart_ex.o(i.HAL_UARTEx_DisableStopMode), (38 bytes).
    Removing stm32h7xx_hal_uart_ex.o(i.HAL_UARTEx_EnableFifoMode), (72 bytes).
    Removing stm32h7xx_hal_uart_ex.o(i.HAL_UARTEx_EnableStopMode), (38 bytes).
    Removing stm32h7xx_hal_uart_ex.o(i.HAL_UARTEx_ReceiveToIdle), (316 bytes).
    Removing stm32h7xx_hal_uart_ex.o(i.HAL_UARTEx_ReceiveToIdle_DMA), (74 bytes).
    Removing stm32h7xx_hal_uart_ex.o(i.HAL_UARTEx_ReceiveToIdle_IT), (74 bytes).
    Removing stm32h7xx_hal_uart_ex.o(i.HAL_UARTEx_RxFifoFullCallback), (2 bytes).
    Removing stm32h7xx_hal_uart_ex.o(i.HAL_UARTEx_StopModeWakeUpSourceConfig), (140 bytes).
    Removing stm32h7xx_hal_uart_ex.o(i.HAL_UARTEx_TxFifoEmptyCallback), (2 bytes).
    Removing stm32h7xx_hal_uart_ex.o(i.HAL_UARTEx_WakeupCallback), (2 bytes).
    Removing system_stm32h7xx.o(.rev16_text), (4 bytes).
    Removing system_stm32h7xx.o(.revsh_text), (4 bytes).
    Removing system_stm32h7xx.o(.rrx_text), (6 bytes).
    Removing system_stm32h7xx.o(i.SystemCoreClockUpdate), (320 bytes).

552 unused section(s) (total 49888 bytes) removed from the image.

==============================================================================

Image Symbol Table

    Local Symbols

    Symbol Name                              Value     Ov Type        Size  Object(Section)

    ../Core/Src/main.c                       0x00000000   Number         0  main.o ABSOLUTE
    ../Core/Src/stm32h7xx_hal_msp.c          0x00000000   Number         0  stm32h7xx_hal_msp.o ABSOLUTE
    ../Core/Src/stm32h7xx_it.c               0x00000000   Number         0  stm32h7xx_it.o ABSOLUTE
    ../Core/Src/system_stm32h7xx.c           0x00000000   Number         0  system_stm32h7xx.o ABSOLUTE
    ../Drivers/STM32H7xx_HAL_Driver/Src/stm32h7xx_hal.c 0x00000000   Number         0  stm32h7xx_hal.o ABSOLUTE
    ../Drivers/STM32H7xx_HAL_Driver/Src/stm32h7xx_hal_cortex.c 0x00000000   Number         0  stm32h7xx_hal_cortex.o ABSOLUTE
    ../Drivers/STM32H7xx_HAL_Driver/Src/stm32h7xx_hal_dma.c 0x00000000   Number         0  stm32h7xx_hal_dma.o ABSOLUTE
    ../Drivers/STM32H7xx_HAL_Driver/Src/stm32h7xx_hal_dma_ex.c 0x00000000   Number         0  stm32h7xx_hal_dma_ex.o ABSOLUTE
    ../Drivers/STM32H7xx_HAL_Driver/Src/stm32h7xx_hal_exti.c 0x00000000   Number         0  stm32h7xx_hal_exti.o ABSOLUTE
    ../Drivers/STM32H7xx_HAL_Driver/Src/stm32h7xx_hal_flash.c 0x00000000   Number         0  stm32h7xx_hal_flash.o ABSOLUTE
    ../Drivers/STM32H7xx_HAL_Driver/Src/stm32h7xx_hal_flash_ex.c 0x00000000   Number         0  stm32h7xx_hal_flash_ex.o ABSOLUTE
    ../Drivers/STM32H7xx_HAL_Driver/Src/stm32h7xx_hal_gpio.c 0x00000000   Number         0  stm32h7xx_hal_gpio.o ABSOLUTE
    ../Drivers/STM32H7xx_HAL_Driver/Src/stm32h7xx_hal_hsem.c 0x00000000   Number         0  stm32h7xx_hal_hsem.o ABSOLUTE
    ../Drivers/STM32H7xx_HAL_Driver/Src/stm32h7xx_hal_i2c.c 0x00000000   Number         0  stm32h7xx_hal_i2c.o ABSOLUTE
    ../Drivers/STM32H7xx_HAL_Driver/Src/stm32h7xx_hal_i2c_ex.c 0x00000000   Number         0  stm32h7xx_hal_i2c_ex.o ABSOLUTE
    ../Drivers/STM32H7xx_HAL_Driver/Src/stm32h7xx_hal_mdma.c 0x00000000   Number         0  stm32h7xx_hal_mdma.o ABSOLUTE
    ../Drivers/STM32H7xx_HAL_Driver/Src/stm32h7xx_hal_pwr.c 0x00000000   Number         0  stm32h7xx_hal_pwr.o ABSOLUTE
    ../Drivers/STM32H7xx_HAL_Driver/Src/stm32h7xx_hal_pwr_ex.c 0x00000000   Number         0  stm32h7xx_hal_pwr_ex.o ABSOLUTE
    ../Drivers/STM32H7xx_HAL_Driver/Src/stm32h7xx_hal_rcc.c 0x00000000   Number         0  stm32h7xx_hal_rcc.o ABSOLUTE
    ../Drivers/STM32H7xx_HAL_Driver/Src/stm32h7xx_hal_rcc_ex.c 0x00000000   Number         0  stm32h7xx_hal_rcc_ex.o ABSOLUTE
    ../Drivers/STM32H7xx_HAL_Driver/Src/stm32h7xx_hal_spi.c 0x00000000   Number         0  stm32h7xx_hal_spi.o ABSOLUTE
    ../Drivers/STM32H7xx_HAL_Driver/Src/stm32h7xx_hal_spi_ex.c 0x00000000   Number         0  stm32h7xx_hal_spi_ex.o ABSOLUTE
    ../Drivers/STM32H7xx_HAL_Driver/Src/stm32h7xx_hal_tim.c 0x00000000   Number         0  stm32h7xx_hal_tim.o ABSOLUTE
    ../Drivers/STM32H7xx_HAL_Driver/Src/stm32h7xx_hal_tim_ex.c 0x00000000   Number         0  stm32h7xx_hal_tim_ex.o ABSOLUTE
    ../Drivers/STM32H7xx_HAL_Driver/Src/stm32h7xx_hal_uart.c 0x00000000   Number         0  stm32h7xx_hal_uart.o ABSOLUTE
    ../Drivers/STM32H7xx_HAL_Driver/Src/stm32h7xx_hal_uart_ex.c 0x00000000   Number         0  stm32h7xx_hal_uart_ex.o ABSOLUTE
    ../clib/microlib/division.c              0x00000000   Number         0  uldiv.o ABSOLUTE
    ../clib/microlib/division.c              0x00000000   Number         0  uidiv.o ABSOLUTE
    ../clib/microlib/init/entry.s            0x00000000   Number         0  entry2.o ABSOLUTE
    ../clib/microlib/init/entry.s            0x00000000   Number         0  entry11a.o ABSOLUTE
    ../clib/microlib/init/entry.s            0x00000000   Number         0  entry10b.o ABSOLUTE
    ../clib/microlib/init/entry.s            0x00000000   Number         0  entry10a.o ABSOLUTE
    ../clib/microlib/init/entry.s            0x00000000   Number         0  entry9b.o ABSOLUTE
    ../clib/microlib/init/entry.s            0x00000000   Number         0  entry9a.o ABSOLUTE
    ../clib/microlib/init/entry.s            0x00000000   Number         0  entry8b.o ABSOLUTE
    ../clib/microlib/init/entry.s            0x00000000   Number         0  entry.o ABSOLUTE
    ../clib/microlib/init/entry.s            0x00000000   Number         0  entry8a.o ABSOLUTE
    ../clib/microlib/init/entry.s            0x00000000   Number         0  entry7b.o ABSOLUTE
    ../clib/microlib/init/entry.s            0x00000000   Number         0  entry7a.o ABSOLUTE
    ../clib/microlib/init/entry.s            0x00000000   Number         0  entry11b.o ABSOLUTE
    ../clib/microlib/init/entry.s            0x00000000   Number         0  entry5.o ABSOLUTE
    ../clib/microlib/longlong.c              0x00000000   Number         0  llshl.o ABSOLUTE
    ../clib/microlib/longlong.c              0x00000000   Number         0  llushr.o ABSOLUTE
    ../clib/microlib/longlong.c              0x00000000   Number         0  llsshr.o ABSOLUTE
    ../clib/microlib/printf/printf.c         0x00000000   Number         0  printf2.o ABSOLUTE
    ../clib/microlib/printf/printf.c         0x00000000   Number         0  printf1.o ABSOLUTE
    ../clib/microlib/printf/printf.c         0x00000000   Number         0  printf0.o ABSOLUTE
    ../clib/microlib/printf/printf.c         0x00000000   Number         0  printfb.o ABSOLUTE
    ../clib/microlib/printf/printf.c         0x00000000   Number         0  printf7.o ABSOLUTE
    ../clib/microlib/printf/printf.c         0x00000000   Number         0  printf6.o ABSOLUTE
    ../clib/microlib/printf/printf.c         0x00000000   Number         0  printf8.o ABSOLUTE
    ../clib/microlib/printf/printf.c         0x00000000   Number         0  printf5.o ABSOLUTE
    ../clib/microlib/printf/printf.c         0x00000000   Number         0  printf4.o ABSOLUTE
    ../clib/microlib/printf/printf.c         0x00000000   Number         0  printf3.o ABSOLUTE
    ../clib/microlib/printf/printf.c         0x00000000   Number         0  printfa.o ABSOLUTE
    ../clib/microlib/printf/stubs.s          0x00000000   Number         0  stubs.o ABSOLUTE
    ../clib/microlib/stdio/streams.c         0x00000000   Number         0  stdout.o ABSOLUTE
    ../clib/microlib/string/memset.c         0x00000000   Number         0  memseta.o ABSOLUTE
    ../clib/microlib/stubs.s                 0x00000000   Number         0  iusefp.o ABSOLUTE
    ../fplib/microlib/fpadd.c                0x00000000   Number         0  dadd.o ABSOLUTE
    ../fplib/microlib/fpdiv.c                0x00000000   Number         0  ddiv.o ABSOLUTE
    ../fplib/microlib/fpepilogue.c           0x00000000   Number         0  depilogue.o ABSOLUTE
    ../fplib/microlib/fpfix.c                0x00000000   Number         0  dfixul.o ABSOLUTE
    ../fplib/microlib/fpmul.c                0x00000000   Number         0  dmul.o ABSOLUTE
    ..\Core\Src\main.c                       0x00000000   Number         0  main.o ABSOLUTE
    ..\Core\Src\stm32h7xx_hal_msp.c          0x00000000   Number         0  stm32h7xx_hal_msp.o ABSOLUTE
    ..\Core\Src\stm32h7xx_it.c               0x00000000   Number         0  stm32h7xx_it.o ABSOLUTE
    ..\Core\Src\system_stm32h7xx.c           0x00000000   Number         0  system_stm32h7xx.o ABSOLUTE
    ..\Drivers\STM32H7xx_HAL_Driver\Src\stm32h7xx_hal.c 0x00000000   Number         0  stm32h7xx_hal.o ABSOLUTE
    ..\Drivers\STM32H7xx_HAL_Driver\Src\stm32h7xx_hal_cortex.c 0x00000000   Number         0  stm32h7xx_hal_cortex.o ABSOLUTE
    ..\Drivers\STM32H7xx_HAL_Driver\Src\stm32h7xx_hal_dma.c 0x00000000   Number         0  stm32h7xx_hal_dma.o ABSOLUTE
    ..\Drivers\STM32H7xx_HAL_Driver\Src\stm32h7xx_hal_dma_ex.c 0x00000000   Number         0  stm32h7xx_hal_dma_ex.o ABSOLUTE
    ..\Drivers\STM32H7xx_HAL_Driver\Src\stm32h7xx_hal_exti.c 0x00000000   Number         0  stm32h7xx_hal_exti.o ABSOLUTE
    ..\Drivers\STM32H7xx_HAL_Driver\Src\stm32h7xx_hal_flash.c 0x00000000   Number         0  stm32h7xx_hal_flash.o ABSOLUTE
    ..\Drivers\STM32H7xx_HAL_Driver\Src\stm32h7xx_hal_flash_ex.c 0x00000000   Number         0  stm32h7xx_hal_flash_ex.o ABSOLUTE
    ..\Drivers\STM32H7xx_HAL_Driver\Src\stm32h7xx_hal_gpio.c 0x00000000   Number         0  stm32h7xx_hal_gpio.o ABSOLUTE
    ..\Drivers\STM32H7xx_HAL_Driver\Src\stm32h7xx_hal_hsem.c 0x00000000   Number         0  stm32h7xx_hal_hsem.o ABSOLUTE
    ..\Drivers\STM32H7xx_HAL_Driver\Src\stm32h7xx_hal_i2c.c 0x00000000   Number         0  stm32h7xx_hal_i2c.o ABSOLUTE
    ..\Drivers\STM32H7xx_HAL_Driver\Src\stm32h7xx_hal_i2c_ex.c 0x00000000   Number         0  stm32h7xx_hal_i2c_ex.o ABSOLUTE
    ..\Drivers\STM32H7xx_HAL_Driver\Src\stm32h7xx_hal_mdma.c 0x00000000   Number         0  stm32h7xx_hal_mdma.o ABSOLUTE
    ..\Drivers\STM32H7xx_HAL_Driver\Src\stm32h7xx_hal_pwr.c 0x00000000   Number         0  stm32h7xx_hal_pwr.o ABSOLUTE
    ..\Drivers\STM32H7xx_HAL_Driver\Src\stm32h7xx_hal_pwr_ex.c 0x00000000   Number         0  stm32h7xx_hal_pwr_ex.o ABSOLUTE
    ..\Drivers\STM32H7xx_HAL_Driver\Src\stm32h7xx_hal_rcc.c 0x00000000   Number         0  stm32h7xx_hal_rcc.o ABSOLUTE
    ..\Drivers\STM32H7xx_HAL_Driver\Src\stm32h7xx_hal_rcc_ex.c 0x00000000   Number         0  stm32h7xx_hal_rcc_ex.o ABSOLUTE
    ..\Drivers\STM32H7xx_HAL_Driver\Src\stm32h7xx_hal_spi.c 0x00000000   Number         0  stm32h7xx_hal_spi.o ABSOLUTE
    ..\Drivers\STM32H7xx_HAL_Driver\Src\stm32h7xx_hal_spi_ex.c 0x00000000   Number         0  stm32h7xx_hal_spi_ex.o ABSOLUTE
    ..\Drivers\STM32H7xx_HAL_Driver\Src\stm32h7xx_hal_tim.c 0x00000000   Number         0  stm32h7xx_hal_tim.o ABSOLUTE
    ..\Drivers\STM32H7xx_HAL_Driver\Src\stm32h7xx_hal_tim_ex.c 0x00000000   Number         0  stm32h7xx_hal_tim_ex.o ABSOLUTE
    ..\Drivers\STM32H7xx_HAL_Driver\Src\stm32h7xx_hal_uart.c 0x00000000   Number         0  stm32h7xx_hal_uart.o ABSOLUTE
    ..\Drivers\STM32H7xx_HAL_Driver\Src\stm32h7xx_hal_uart_ex.c 0x00000000   Number         0  stm32h7xx_hal_uart_ex.o ABSOLUTE
    ..\Drivers\User\Src\key.c                0x00000000   Number         0  key.o ABSOLUTE
    ..\Drivers\User\Src\led.c                0x00000000   Number         0  led.o ABSOLUTE
    ..\Drivers\User\Src\spi_w25q64.c         0x00000000   Number         0  spi_w25q64.o ABSOLUTE
    ..\Drivers\User\Src\usart.c              0x00000000   Number         0  usart.o ABSOLUTE
    ..\\Drivers\\User\\Src\\key.c            0x00000000   Number         0  key.o ABSOLUTE
    ..\\Drivers\\User\\Src\\led.c            0x00000000   Number         0  led.o ABSOLUTE
    ..\\Drivers\\User\\Src\\spi_w25q64.c     0x00000000   Number         0  spi_w25q64.o ABSOLUTE
    ..\\Drivers\\User\\Src\\usart.c          0x00000000   Number         0  usart.o ABSOLUTE
    cdrcmple.s                               0x00000000   Number         0  cdrcmple.o ABSOLUTE
    dc.s                                     0x00000000   Number         0  dc.o ABSOLUTE
    handlers.s                               0x00000000   Number         0  handlers.o ABSOLUTE
    init.s                                   0x00000000   Number         0  init.o ABSOLUTE
    startup_stm32h7b0xx.s                    0x00000000   Number         0  startup_stm32h7b0xx.o ABSOLUTE
    RESET                                    0x08000000   Section      684  startup_stm32h7b0xx.o(RESET)
    .ARM.Collect$$$$00000000                 0x080002ac   Section        0  entry.o(.ARM.Collect$$$$00000000)
    .ARM.Collect$$$$00000001                 0x080002ac   Section        4  entry2.o(.ARM.Collect$$$$00000001)
    .ARM.Collect$$$$00000004                 0x080002b0   Section        4  entry5.o(.ARM.Collect$$$$00000004)
    .ARM.Collect$$$$00000008                 0x080002b4   Section        0  entry7b.o(.ARM.Collect$$$$00000008)
    .ARM.Collect$$$$0000000A                 0x080002b4   Section        0  entry8b.o(.ARM.Collect$$$$0000000A)
    .ARM.Collect$$$$0000000B                 0x080002b4   Section        8  entry9a.o(.ARM.Collect$$$$0000000B)
    .ARM.Collect$$$$0000000D                 0x080002bc   Section        0  entry10a.o(.ARM.Collect$$$$0000000D)
    .ARM.Collect$$$$0000000F                 0x080002bc   Section        0  entry11a.o(.ARM.Collect$$$$0000000F)
    .ARM.Collect$$$$00002712                 0x080002bc   Section        4  entry2.o(.ARM.Collect$$$$00002712)
    __lit__00000000                          0x080002bc   Data           4  entry2.o(.ARM.Collect$$$$00002712)
    .text                                    0x080002c0   Section       36  startup_stm32h7b0xx.o(.text)
    $v0                                      0x080002c0   Number         0  startup_stm32h7b0xx.o(.text)
    .text                                    0x080002e4   Section        0  uldiv.o(.text)
    .text                                    0x08000346   Section        0  memseta.o(.text)
    .text                                    0x0800036a   Section        0  uidiv.o(.text)
    .text                                    0x08000396   Section        0  llshl.o(.text)
    .text                                    0x080003b4   Section        0  llushr.o(.text)
    .text                                    0x080003d4   Section        0  dadd.o(.text)
    .text                                    0x080003d4   Section        0  iusefp.o(.text)
    .text                                    0x08000522   Section        0  dmul.o(.text)
    .text                                    0x08000606   Section        0  ddiv.o(.text)
    .text                                    0x080006e4   Section        0  dfixul.o(.text)
    .text                                    0x08000714   Section       48  cdrcmple.o(.text)
    .text                                    0x08000744   Section       36  init.o(.text)
    .text                                    0x08000768   Section        0  llsshr.o(.text)
    .text                                    0x0800078c   Section        0  depilogue.o(.text)
    i.BusFault_Handler                       0x08000846   Section        0  stm32h7xx_it.o(i.BusFault_Handler)
    i.DebugMon_Handler                       0x08000848   Section        0  stm32h7xx_it.o(i.DebugMon_Handler)
    i.HAL_Delay                              0x0800084c   Section        0  stm32h7xx_hal.o(i.HAL_Delay)
    i.HAL_GPIO_Init                          0x08000870   Section        0  stm32h7xx_hal_gpio.o(i.HAL_GPIO_Init)
    i.HAL_GPIO_TogglePin                     0x08000aa0   Section        0  stm32h7xx_hal_gpio.o(i.HAL_GPIO_TogglePin)
    i.HAL_GPIO_WritePin                      0x08000ab0   Section        0  stm32h7xx_hal_gpio.o(i.HAL_GPIO_WritePin)
    i.HAL_GetTick                            0x08000abc   Section        0  stm32h7xx_hal.o(i.HAL_GetTick)
    i.HAL_IncTick                            0x08000ac8   Section        0  stm32h7xx_hal.o(i.HAL_IncTick)
    i.HAL_Init                               0x08000ad8   Section        0  stm32h7xx_hal.o(i.HAL_Init)
    i.HAL_InitTick                           0x08000b34   Section        0  stm32h7xx_hal.o(i.HAL_InitTick)
    i.HAL_MspInit                            0x08000b74   Section        0  stm32h7xx_hal_msp.o(i.HAL_MspInit)
    i.HAL_NVIC_SetPriority                   0x08000b90   Section        0  stm32h7xx_hal_cortex.o(i.HAL_NVIC_SetPriority)
    i.HAL_NVIC_SetPriorityGrouping           0x08000bd0   Section        0  stm32h7xx_hal_cortex.o(i.HAL_NVIC_SetPriorityGrouping)
    i.HAL_PWREx_ConfigSupply                 0x08000bf4   Section        0  stm32h7xx_hal_pwr_ex.o(i.HAL_PWREx_ConfigSupply)
    i.HAL_RCCEx_GetD3PCLK1Freq               0x08000c48   Section        0  stm32h7xx_hal_rcc_ex.o(i.HAL_RCCEx_GetD3PCLK1Freq)
    i.HAL_RCCEx_GetPLL2ClockFreq             0x08000c6c   Section        0  stm32h7xx_hal_rcc_ex.o(i.HAL_RCCEx_GetPLL2ClockFreq)
    i.HAL_RCCEx_GetPLL3ClockFreq             0x08000db0   Section        0  stm32h7xx_hal_rcc_ex.o(i.HAL_RCCEx_GetPLL3ClockFreq)
    i.HAL_RCCEx_PeriphCLKConfig              0x08000ef4   Section        0  stm32h7xx_hal_rcc_ex.o(i.HAL_RCCEx_PeriphCLKConfig)
    i.HAL_RCC_ClockConfig                    0x08001764   Section        0  stm32h7xx_hal_rcc.o(i.HAL_RCC_ClockConfig)
    i.HAL_RCC_GetHCLKFreq                    0x080019c0   Section        0  stm32h7xx_hal_rcc.o(i.HAL_RCC_GetHCLKFreq)
    i.HAL_RCC_GetPCLK1Freq                   0x08001a04   Section        0  stm32h7xx_hal_rcc.o(i.HAL_RCC_GetPCLK1Freq)
    i.HAL_RCC_GetPCLK2Freq                   0x08001a28   Section        0  stm32h7xx_hal_rcc.o(i.HAL_RCC_GetPCLK2Freq)
    i.HAL_RCC_GetSysClockFreq                0x08001a4c   Section        0  stm32h7xx_hal_rcc.o(i.HAL_RCC_GetSysClockFreq)
    i.HAL_RCC_OscConfig                      0x08001b84   Section        0  stm32h7xx_hal_rcc.o(i.HAL_RCC_OscConfig)
    i.HAL_SPI_Init                           0x080020b0   Section        0  stm32h7xx_hal_spi.o(i.HAL_SPI_Init)
    i.HAL_SPI_MspInit                        0x08002200   Section        0  spi_w25q64.o(i.HAL_SPI_MspInit)
    i.HAL_SPI_Transmit                       0x08002290   Section        0  stm32h7xx_hal_spi.o(i.HAL_SPI_Transmit)
    i.HAL_SPI_TransmitReceive                0x080024c6   Section        0  stm32h7xx_hal_spi.o(i.HAL_SPI_TransmitReceive)
    i.HAL_SYSTICK_Config                     0x080027e6   Section        0  stm32h7xx_hal_cortex.o(i.HAL_SYSTICK_Config)
    i.HAL_UARTEx_DisableFifoMode             0x0800280c   Section        0  stm32h7xx_hal_uart_ex.o(i.HAL_UARTEx_DisableFifoMode)
    i.HAL_UARTEx_SetRxFifoThreshold          0x0800284c   Section        0  stm32h7xx_hal_uart_ex.o(i.HAL_UARTEx_SetRxFifoThreshold)
    i.HAL_UARTEx_SetTxFifoThreshold          0x08002898   Section        0  stm32h7xx_hal_uart_ex.o(i.HAL_UARTEx_SetTxFifoThreshold)
    i.HAL_UART_Init                          0x080028e4   Section        0  stm32h7xx_hal_uart.o(i.HAL_UART_Init)
    i.HAL_UART_MspInit                       0x08002950   Section        0  usart.o(i.HAL_UART_MspInit)
    i.HAL_UART_Transmit                      0x080029d4   Section        0  stm32h7xx_hal_uart.o(i.HAL_UART_Transmit)
    i.HardFault_Handler                      0x08002a92   Section        0  stm32h7xx_it.o(i.HardFault_Handler)
    i.KEY_Init                               0x08002a94   Section        0  key.o(i.KEY_Init)
    i.LED_Init                               0x08002ad4   Section        0  led.o(i.LED_Init)
    i.MX_SPI6_Init                           0x08002b20   Section        0  spi_w25q64.o(i.MX_SPI6_Init)
    i.MY_SPI_CloseTransfer                   0x08002b70   Section        0  spi_w25q64.o(i.MY_SPI_CloseTransfer)
    i.MY_SPI_TransmitReceive                 0x08002c2c   Section        0  spi_w25q64.o(i.MY_SPI_TransmitReceive)
    i.MY_SPI_WaitOnFlagUntilTimeout          0x08002e0e   Section        0  spi_w25q64.o(i.MY_SPI_WaitOnFlagUntilTimeout)
    i.MemManage_Handler                      0x08002e50   Section        0  stm32h7xx_it.o(i.MemManage_Handler)
    i.NMI_Handler                            0x08002e52   Section        0  stm32h7xx_it.o(i.NMI_Handler)
    i.PendSV_Handler                         0x08002e54   Section        0  stm32h7xx_it.o(i.PendSV_Handler)
    i.RCCEx_PLL2_Config                      0x08002e58   Section        0  stm32h7xx_hal_rcc_ex.o(i.RCCEx_PLL2_Config)
    RCCEx_PLL2_Config                        0x08002e59   Thumb Code   284  stm32h7xx_hal_rcc_ex.o(i.RCCEx_PLL2_Config)
    i.RCCEx_PLL3_Config                      0x08002f78   Section        0  stm32h7xx_hal_rcc_ex.o(i.RCCEx_PLL3_Config)
    RCCEx_PLL3_Config                        0x08002f79   Thumb Code   284  stm32h7xx_hal_rcc_ex.o(i.RCCEx_PLL3_Config)
    i.SPI_CloseTransfer                      0x08003098   Section        0  stm32h7xx_hal_spi.o(i.SPI_CloseTransfer)
    SPI_CloseTransfer                        0x08003099   Thumb Code   188  stm32h7xx_hal_spi.o(i.SPI_CloseTransfer)
    i.SPI_W25Qxx_BlockErase_32K              0x08003154   Section        0  spi_w25q64.o(i.SPI_W25Qxx_BlockErase_32K)
    i.SPI_W25Qxx_Init                        0x08003198   Section        0  spi_w25q64.o(i.SPI_W25Qxx_Init)
    i.SPI_W25Qxx_ReadBuffer                  0x080031f8   Section        0  spi_w25q64.o(i.SPI_W25Qxx_ReadBuffer)
    i.SPI_W25Qxx_ReadID                      0x0800322c   Section        0  spi_w25q64.o(i.SPI_W25Qxx_ReadID)
    i.SPI_W25Qxx_Test                        0x08003268   Section        0  main.o(i.SPI_W25Qxx_Test)
    i.SPI_W25Qxx_WaitForWriteEnd             0x080035b4   Section        0  spi_w25q64.o(i.SPI_W25Qxx_WaitForWriteEnd)
    i.SPI_W25Qxx_WriteBuffer                 0x080035ec   Section        0  spi_w25q64.o(i.SPI_W25Qxx_WriteBuffer)
    i.SPI_W25Qxx_WriteEnable                 0x08003634   Section        0  spi_w25q64.o(i.SPI_W25Qxx_WriteEnable)
    i.SPI_W25Qxx_WritePage                   0x0800365c   Section        0  spi_w25q64.o(i.SPI_W25Qxx_WritePage)
    i.SPI_WaitOnFlagUntilTimeout             0x080036c0   Section        0  stm32h7xx_hal_spi.o(i.SPI_WaitOnFlagUntilTimeout)
    SPI_WaitOnFlagUntilTimeout               0x080036c1   Thumb Code    66  stm32h7xx_hal_spi.o(i.SPI_WaitOnFlagUntilTimeout)
    i.SVC_Handler                            0x08003702   Section        0  stm32h7xx_it.o(i.SVC_Handler)
    i.SysTick_Handler                        0x08003704   Section        0  stm32h7xx_it.o(i.SysTick_Handler)
    i.SystemClock_Config                     0x08003708   Section        0  main.o(i.SystemClock_Config)
    i.SystemInit                             0x080037d0   Section        0  system_stm32h7xx.o(i.SystemInit)
    i.UARTEx_SetNbDataToProcess              0x08003898   Section        0  stm32h7xx_hal_uart_ex.o(i.UARTEx_SetNbDataToProcess)
    UARTEx_SetNbDataToProcess                0x08003899   Thumb Code    62  stm32h7xx_hal_uart_ex.o(i.UARTEx_SetNbDataToProcess)
    i.UART_AdvFeatureConfig                  0x080038dc   Section        0  stm32h7xx_hal_uart.o(i.UART_AdvFeatureConfig)
    i.UART_CheckIdleState                    0x080039a4   Section        0  stm32h7xx_hal_uart.o(i.UART_CheckIdleState)
    i.UART_SetConfig                         0x08003a04   Section        0  stm32h7xx_hal_uart.o(i.UART_SetConfig)
    i.UART_WaitOnFlagUntilTimeout            0x08003ddc   Section        0  stm32h7xx_hal_uart.o(i.UART_WaitOnFlagUntilTimeout)
    i.USART1_Init                            0x08003e80   Section        0  usart.o(i.USART1_Init)
    i.UsageFault_Handler                     0x08003ecc   Section        0  stm32h7xx_it.o(i.UsageFault_Handler)
    i.__0printf                              0x08003ed0   Section        0  printfa.o(i.__0printf)
    i.__NVIC_SetPriority                     0x08003ef0   Section        0  stm32h7xx_hal_cortex.o(i.__NVIC_SetPriority)
    __NVIC_SetPriority                       0x08003ef1   Thumb Code    34  stm32h7xx_hal_cortex.o(i.__NVIC_SetPriority)
    i.__scatterload_copy                     0x08003f12   Section       14  handlers.o(i.__scatterload_copy)
    i.__scatterload_null                     0x08003f20   Section        2  handlers.o(i.__scatterload_null)
    i.__scatterload_zeroinit                 0x08003f22   Section       14  handlers.o(i.__scatterload_zeroinit)
    i._fp_digits                             0x08003f30   Section        0  printfa.o(i._fp_digits)
    _fp_digits                               0x08003f31   Thumb Code   366  printfa.o(i._fp_digits)
    i._printf_core                           0x080040b4   Section        0  printfa.o(i._printf_core)
    _printf_core                             0x080040b5   Thumb Code  1744  printfa.o(i._printf_core)
    i._printf_post_padding                   0x08004790   Section        0  printfa.o(i._printf_post_padding)
    _printf_post_padding                     0x08004791   Thumb Code    36  printfa.o(i._printf_post_padding)
    i._printf_pre_padding                    0x080047b4   Section        0  printfa.o(i._printf_pre_padding)
    _printf_pre_padding                      0x080047b5   Thumb Code    46  printfa.o(i._printf_pre_padding)
    i.fputc                                  0x080047e4   Section        0  usart.o(i.fputc)
    i.main                                   0x080047fc   Section        0  main.o(i.main)
    .constdata                               0x08004830   Section       24  stm32h7xx_hal_uart.o(.constdata)
    .constdata                               0x08004848   Section       16  stm32h7xx_hal_uart_ex.o(.constdata)
    numerator                                0x08004848   Data           8  stm32h7xx_hal_uart_ex.o(.constdata)
    denominator                              0x08004850   Data           8  stm32h7xx_hal_uart_ex.o(.constdata)
    .constdata                               0x08004858   Section       16  system_stm32h7xx.o(.constdata)
    .conststring                             0x08004868   Section      271  main.o(.conststring)
    .data                                    0x20000000   Section        8  main.o(.data)
    .data                                    0x20000008   Section       12  stm32h7xx_hal.o(.data)
    .data                                    0x20000014   Section        8  system_stm32h7xx.o(.data)
    .data                                    0x2000001c   Section        4  stdout.o(.data)
    .bss                                     0x20000020   Section    65536  main.o(.bss)
    .bss                                     0x20010020   Section      144  usart.o(.bss)
    .bss                                     0x200100b0   Section      136  spi_w25q64.o(.bss)
    STACK                                    0x20010138   Section     1024  startup_stm32h7b0xx.o(STACK)

    Global Symbols

    Symbol Name                              Value     Ov Type        Size  Object(Section)

    BuildAttributes$$THM_ISAv4$E$P$D$K$B$S$7EM$VFPv5_D16$PE$PLD8$A:L22UL41UL21$X:L11$S22US41US21$IEEE1$IW$USESV6$~STKCKD$USESV7$~SHL$OSPACE$ROPI$EBA8$MICROLIB$REQ8$PRES8$EABIv2 0x00000000   Number         0  anon$$obj.o ABSOLUTE
    __ARM_use_no_argv                        0x00000000   Number         0  main.o ABSOLUTE
    _printf_a                                0x00000000   Number         0  stubs.o ABSOLUTE
    _printf_c                                0x00000000   Number         0  stubs.o ABSOLUTE
    _printf_charcount                        0x00000000   Number         0  stubs.o ABSOLUTE
    _printf_d                                0x00000000   Number         0  stubs.o ABSOLUTE
    _printf_e                                0x00000000   Number         0  stubs.o ABSOLUTE
    _printf_f                                0x00000000   Number         0  stubs.o ABSOLUTE
    _printf_flags                            0x00000000   Number         0  stubs.o ABSOLUTE
    _printf_fp_dec                           0x00000000   Number         0  stubs.o ABSOLUTE
    _printf_fp_hex                           0x00000000   Number         0  stubs.o ABSOLUTE
    _printf_g                                0x00000000   Number         0  stubs.o ABSOLUTE
    _printf_i                                0x00000000   Number         0  stubs.o ABSOLUTE
    _printf_int_dec                          0x00000000   Number         0  stubs.o ABSOLUTE
    _printf_l                                0x00000000   Number         0  stubs.o ABSOLUTE
    _printf_lc                               0x00000000   Number         0  stubs.o ABSOLUTE
    _printf_ll                               0x00000000   Number         0  stubs.o ABSOLUTE
    _printf_lld                              0x00000000   Number         0  stubs.o ABSOLUTE
    _printf_lli                              0x00000000   Number         0  stubs.o ABSOLUTE
    _printf_llo                              0x00000000   Number         0  stubs.o ABSOLUTE
    _printf_llu                              0x00000000   Number         0  stubs.o ABSOLUTE
    _printf_llx                              0x00000000   Number         0  stubs.o ABSOLUTE
    _printf_longlong_dec                     0x00000000   Number         0  stubs.o ABSOLUTE
    _printf_longlong_hex                     0x00000000   Number         0  stubs.o ABSOLUTE
    _printf_longlong_oct                     0x00000000   Number         0  stubs.o ABSOLUTE
    _printf_ls                               0x00000000   Number         0  stubs.o ABSOLUTE
    _printf_mbtowc                           0x00000000   Number         0  stubs.o ABSOLUTE
    _printf_n                                0x00000000   Number         0  stubs.o ABSOLUTE
    _printf_o                                0x00000000   Number         0  stubs.o ABSOLUTE
    _printf_p                                0x00000000   Number         0  stubs.o ABSOLUTE
    _printf_percent                          0x00000000   Number         0  stubs.o ABSOLUTE
    _printf_pre_padding                      0x00000000   Number         0  stubs.o ABSOLUTE
    _printf_return_value                     0x00000000   Number         0  stubs.o ABSOLUTE
    _printf_s                                0x00000000   Number         0  stubs.o ABSOLUTE
    _printf_sizespec                         0x00000000   Number         0  stubs.o ABSOLUTE
    _printf_str                              0x00000000   Number         0  stubs.o ABSOLUTE
    _printf_truncate_signed                  0x00000000   Number         0  stubs.o ABSOLUTE
    _printf_truncate_unsigned                0x00000000   Number         0  stubs.o ABSOLUTE
    _printf_u                                0x00000000   Number         0  stubs.o ABSOLUTE
    _printf_wc                               0x00000000   Number         0  stubs.o ABSOLUTE
    _printf_wctomb                           0x00000000   Number         0  stubs.o ABSOLUTE
    _printf_widthprec                        0x00000000   Number         0  stubs.o ABSOLUTE
    _printf_x                                0x00000000   Number         0  stubs.o ABSOLUTE
    __cpp_initialize__aeabi_                  - Undefined Weak Reference
    __cxa_finalize                            - Undefined Weak Reference
    __decompress                              - Undefined Weak Reference
    _clock_init                               - Undefined Weak Reference
    _microlib_exit                            - Undefined Weak Reference
    __Vectors_Size                           0x000002ac   Number         0  startup_stm32h7b0xx.o ABSOLUTE
    __Vectors                                0x08000000   Data           4  startup_stm32h7b0xx.o(RESET)
    __Vectors_End                            0x080002ac   Data           0  startup_stm32h7b0xx.o(RESET)
    __main                                   0x080002ad   Thumb Code     0  entry.o(.ARM.Collect$$$$00000000)
    _main_stk                                0x080002ad   Thumb Code     0  entry2.o(.ARM.Collect$$$$00000001)
    _main_scatterload                        0x080002b1   Thumb Code     0  entry5.o(.ARM.Collect$$$$00000004)
    __main_after_scatterload                 0x080002b5   Thumb Code     0  entry5.o(.ARM.Collect$$$$00000004)
    _main_clock                              0x080002b5   Thumb Code     0  entry7b.o(.ARM.Collect$$$$00000008)
    _main_cpp_init                           0x080002b5   Thumb Code     0  entry8b.o(.ARM.Collect$$$$0000000A)
    _main_init                               0x080002b5   Thumb Code     0  entry9a.o(.ARM.Collect$$$$0000000B)
    __rt_final_cpp                           0x080002bd   Thumb Code     0  entry10a.o(.ARM.Collect$$$$0000000D)
    __rt_final_exit                          0x080002bd   Thumb Code     0  entry11a.o(.ARM.Collect$$$$0000000F)
    Reset_Handler                            0x080002c1   Thumb Code     8  startup_stm32h7b0xx.o(.text)
    ADC_IRQHandler                           0x080002db   Thumb Code     0  startup_stm32h7b0xx.o(.text)
    BDMA1_IRQHandler                         0x080002db   Thumb Code     0  startup_stm32h7b0xx.o(.text)
    BDMA2_Channel0_IRQHandler                0x080002db   Thumb Code     0  startup_stm32h7b0xx.o(.text)
    BDMA2_Channel1_IRQHandler                0x080002db   Thumb Code     0  startup_stm32h7b0xx.o(.text)
    BDMA2_Channel2_IRQHandler                0x080002db   Thumb Code     0  startup_stm32h7b0xx.o(.text)
    BDMA2_Channel3_IRQHandler                0x080002db   Thumb Code     0  startup_stm32h7b0xx.o(.text)
    BDMA2_Channel4_IRQHandler                0x080002db   Thumb Code     0  startup_stm32h7b0xx.o(.text)
    BDMA2_Channel5_IRQHandler                0x080002db   Thumb Code     0  startup_stm32h7b0xx.o(.text)
    BDMA2_Channel6_IRQHandler                0x080002db   Thumb Code     0  startup_stm32h7b0xx.o(.text)
    BDMA2_Channel7_IRQHandler                0x080002db   Thumb Code     0  startup_stm32h7b0xx.o(.text)
    CEC_IRQHandler                           0x080002db   Thumb Code     0  startup_stm32h7b0xx.o(.text)
    COMP_IRQHandler                          0x080002db   Thumb Code     0  startup_stm32h7b0xx.o(.text)
    CRS_IRQHandler                           0x080002db   Thumb Code     0  startup_stm32h7b0xx.o(.text)
    CRYP_IRQHandler                          0x080002db   Thumb Code     0  startup_stm32h7b0xx.o(.text)
    DAC2_IRQHandler                          0x080002db   Thumb Code     0  startup_stm32h7b0xx.o(.text)
    DCMI_PSSI_IRQHandler                     0x080002db   Thumb Code     0  startup_stm32h7b0xx.o(.text)
    DFSDM1_FLT0_IRQHandler                   0x080002db   Thumb Code     0  startup_stm32h7b0xx.o(.text)
    DFSDM1_FLT1_IRQHandler                   0x080002db   Thumb Code     0  startup_stm32h7b0xx.o(.text)
    DFSDM1_FLT2_IRQHandler                   0x080002db   Thumb Code     0  startup_stm32h7b0xx.o(.text)
    DFSDM1_FLT3_IRQHandler                   0x080002db   Thumb Code     0  startup_stm32h7b0xx.o(.text)
    DFSDM1_FLT4_IRQHandler                   0x080002db   Thumb Code     0  startup_stm32h7b0xx.o(.text)
    DFSDM1_FLT5_IRQHandler                   0x080002db   Thumb Code     0  startup_stm32h7b0xx.o(.text)
    DFSDM1_FLT6_IRQHandler                   0x080002db   Thumb Code     0  startup_stm32h7b0xx.o(.text)
    DFSDM1_FLT7_IRQHandler                   0x080002db   Thumb Code     0  startup_stm32h7b0xx.o(.text)
    DFSDM2_IRQHandler                        0x080002db   Thumb Code     0  startup_stm32h7b0xx.o(.text)
    DMA1_Stream0_IRQHandler                  0x080002db   Thumb Code     0  startup_stm32h7b0xx.o(.text)
    DMA1_Stream1_IRQHandler                  0x080002db   Thumb Code     0  startup_stm32h7b0xx.o(.text)
    DMA1_Stream2_IRQHandler                  0x080002db   Thumb Code     0  startup_stm32h7b0xx.o(.text)
    DMA1_Stream3_IRQHandler                  0x080002db   Thumb Code     0  startup_stm32h7b0xx.o(.text)
    DMA1_Stream4_IRQHandler                  0x080002db   Thumb Code     0  startup_stm32h7b0xx.o(.text)
    DMA1_Stream5_IRQHandler                  0x080002db   Thumb Code     0  startup_stm32h7b0xx.o(.text)
    DMA1_Stream6_IRQHandler                  0x080002db   Thumb Code     0  startup_stm32h7b0xx.o(.text)
    DMA1_Stream7_IRQHandler                  0x080002db   Thumb Code     0  startup_stm32h7b0xx.o(.text)
    DMA2D_IRQHandler                         0x080002db   Thumb Code     0  startup_stm32h7b0xx.o(.text)
    DMA2_Stream0_IRQHandler                  0x080002db   Thumb Code     0  startup_stm32h7b0xx.o(.text)
    DMA2_Stream1_IRQHandler                  0x080002db   Thumb Code     0  startup_stm32h7b0xx.o(.text)
    DMA2_Stream2_IRQHandler                  0x080002db   Thumb Code     0  startup_stm32h7b0xx.o(.text)
    DMA2_Stream3_IRQHandler                  0x080002db   Thumb Code     0  startup_stm32h7b0xx.o(.text)
    DMA2_Stream4_IRQHandler                  0x080002db   Thumb Code     0  startup_stm32h7b0xx.o(.text)
    DMA2_Stream5_IRQHandler                  0x080002db   Thumb Code     0  startup_stm32h7b0xx.o(.text)
    DMA2_Stream6_IRQHandler                  0x080002db   Thumb Code     0  startup_stm32h7b0xx.o(.text)
    DMA2_Stream7_IRQHandler                  0x080002db   Thumb Code     0  startup_stm32h7b0xx.o(.text)
    DMAMUX1_OVR_IRQHandler                   0x080002db   Thumb Code     0  startup_stm32h7b0xx.o(.text)
    DMAMUX2_OVR_IRQHandler                   0x080002db   Thumb Code     0  startup_stm32h7b0xx.o(.text)
    DTS_IRQHandler                           0x080002db   Thumb Code     0  startup_stm32h7b0xx.o(.text)
    ECC_IRQHandler                           0x080002db   Thumb Code     0  startup_stm32h7b0xx.o(.text)
    EXTI0_IRQHandler                         0x080002db   Thumb Code     0  startup_stm32h7b0xx.o(.text)
    EXTI15_10_IRQHandler                     0x080002db   Thumb Code     0  startup_stm32h7b0xx.o(.text)
    EXTI1_IRQHandler                         0x080002db   Thumb Code     0  startup_stm32h7b0xx.o(.text)
    EXTI2_IRQHandler                         0x080002db   Thumb Code     0  startup_stm32h7b0xx.o(.text)
    EXTI3_IRQHandler                         0x080002db   Thumb Code     0  startup_stm32h7b0xx.o(.text)
    EXTI4_IRQHandler                         0x080002db   Thumb Code     0  startup_stm32h7b0xx.o(.text)
    EXTI9_5_IRQHandler                       0x080002db   Thumb Code     0  startup_stm32h7b0xx.o(.text)
    FDCAN1_IT0_IRQHandler                    0x080002db   Thumb Code     0  startup_stm32h7b0xx.o(.text)
    FDCAN1_IT1_IRQHandler                    0x080002db   Thumb Code     0  startup_stm32h7b0xx.o(.text)
    FDCAN2_IT0_IRQHandler                    0x080002db   Thumb Code     0  startup_stm32h7b0xx.o(.text)
    FDCAN2_IT1_IRQHandler                    0x080002db   Thumb Code     0  startup_stm32h7b0xx.o(.text)
    FDCAN_CAL_IRQHandler                     0x080002db   Thumb Code     0  startup_stm32h7b0xx.o(.text)
    FLASH_IRQHandler                         0x080002db   Thumb Code     0  startup_stm32h7b0xx.o(.text)
    FMC_IRQHandler                           0x080002db   Thumb Code     0  startup_stm32h7b0xx.o(.text)
    FPU_IRQHandler                           0x080002db   Thumb Code     0  startup_stm32h7b0xx.o(.text)
    GFXMMU_IRQHandler                        0x080002db   Thumb Code     0  startup_stm32h7b0xx.o(.text)
    HASH_RNG_IRQHandler                      0x080002db   Thumb Code     0  startup_stm32h7b0xx.o(.text)
    HSEM1_IRQHandler                         0x080002db   Thumb Code     0  startup_stm32h7b0xx.o(.text)
    I2C1_ER_IRQHandler                       0x080002db   Thumb Code     0  startup_stm32h7b0xx.o(.text)
    I2C1_EV_IRQHandler                       0x080002db   Thumb Code     0  startup_stm32h7b0xx.o(.text)
    I2C2_ER_IRQHandler                       0x080002db   Thumb Code     0  startup_stm32h7b0xx.o(.text)
    I2C2_EV_IRQHandler                       0x080002db   Thumb Code     0  startup_stm32h7b0xx.o(.text)
    I2C3_ER_IRQHandler                       0x080002db   Thumb Code     0  startup_stm32h7b0xx.o(.text)
    I2C3_EV_IRQHandler                       0x080002db   Thumb Code     0  startup_stm32h7b0xx.o(.text)
    I2C4_ER_IRQHandler                       0x080002db   Thumb Code     0  startup_stm32h7b0xx.o(.text)
    I2C4_EV_IRQHandler                       0x080002db   Thumb Code     0  startup_stm32h7b0xx.o(.text)
    JPEG_IRQHandler                          0x080002db   Thumb Code     0  startup_stm32h7b0xx.o(.text)
    LPTIM1_IRQHandler                        0x080002db   Thumb Code     0  startup_stm32h7b0xx.o(.text)
    LPTIM2_IRQHandler                        0x080002db   Thumb Code     0  startup_stm32h7b0xx.o(.text)
    LPTIM3_IRQHandler                        0x080002db   Thumb Code     0  startup_stm32h7b0xx.o(.text)
    LPUART1_IRQHandler                       0x080002db   Thumb Code     0  startup_stm32h7b0xx.o(.text)
    LTDC_ER_IRQHandler                       0x080002db   Thumb Code     0  startup_stm32h7b0xx.o(.text)
    LTDC_IRQHandler                          0x080002db   Thumb Code     0  startup_stm32h7b0xx.o(.text)
    MDIOS_IRQHandler                         0x080002db   Thumb Code     0  startup_stm32h7b0xx.o(.text)
    MDIOS_WKUP_IRQHandler                    0x080002db   Thumb Code     0  startup_stm32h7b0xx.o(.text)
    MDMA_IRQHandler                          0x080002db   Thumb Code     0  startup_stm32h7b0xx.o(.text)
    OCTOSPI1_IRQHandler                      0x080002db   Thumb Code     0  startup_stm32h7b0xx.o(.text)
    OCTOSPI2_IRQHandler                      0x080002db   Thumb Code     0  startup_stm32h7b0xx.o(.text)
    OTFDEC1_IRQHandler                       0x080002db   Thumb Code     0  startup_stm32h7b0xx.o(.text)
    OTFDEC2_IRQHandler                       0x080002db   Thumb Code     0  startup_stm32h7b0xx.o(.text)
    OTG_HS_EP1_IN_IRQHandler                 0x080002db   Thumb Code     0  startup_stm32h7b0xx.o(.text)
    OTG_HS_EP1_OUT_IRQHandler                0x080002db   Thumb Code     0  startup_stm32h7b0xx.o(.text)
    OTG_HS_IRQHandler                        0x080002db   Thumb Code     0  startup_stm32h7b0xx.o(.text)
    OTG_HS_WKUP_IRQHandler                   0x080002db   Thumb Code     0  startup_stm32h7b0xx.o(.text)
    PVD_PVM_IRQHandler                       0x080002db   Thumb Code     0  startup_stm32h7b0xx.o(.text)
    RCC_IRQHandler                           0x080002db   Thumb Code     0  startup_stm32h7b0xx.o(.text)
    RTC_Alarm_IRQHandler                     0x080002db   Thumb Code     0  startup_stm32h7b0xx.o(.text)
    RTC_TAMP_STAMP_CSS_LSE_IRQHandler        0x080002db   Thumb Code     0  startup_stm32h7b0xx.o(.text)
    RTC_WKUP_IRQHandler                      0x080002db   Thumb Code     0  startup_stm32h7b0xx.o(.text)
    SAI1_IRQHandler                          0x080002db   Thumb Code     0  startup_stm32h7b0xx.o(.text)
    SAI2_IRQHandler                          0x080002db   Thumb Code     0  startup_stm32h7b0xx.o(.text)
    SDMMC1_IRQHandler                        0x080002db   Thumb Code     0  startup_stm32h7b0xx.o(.text)
    SDMMC2_IRQHandler                        0x080002db   Thumb Code     0  startup_stm32h7b0xx.o(.text)
    SPDIF_RX_IRQHandler                      0x080002db   Thumb Code     0  startup_stm32h7b0xx.o(.text)
    SPI1_IRQHandler                          0x080002db   Thumb Code     0  startup_stm32h7b0xx.o(.text)
    SPI2_IRQHandler                          0x080002db   Thumb Code     0  startup_stm32h7b0xx.o(.text)
    SPI3_IRQHandler                          0x080002db   Thumb Code     0  startup_stm32h7b0xx.o(.text)
    SPI4_IRQHandler                          0x080002db   Thumb Code     0  startup_stm32h7b0xx.o(.text)
    SPI5_IRQHandler                          0x080002db   Thumb Code     0  startup_stm32h7b0xx.o(.text)
    SPI6_IRQHandler                          0x080002db   Thumb Code     0  startup_stm32h7b0xx.o(.text)
    SWPMI1_IRQHandler                        0x080002db   Thumb Code     0  startup_stm32h7b0xx.o(.text)
    TIM15_IRQHandler                         0x080002db   Thumb Code     0  startup_stm32h7b0xx.o(.text)
    TIM16_IRQHandler                         0x080002db   Thumb Code     0  startup_stm32h7b0xx.o(.text)
    TIM17_IRQHandler                         0x080002db   Thumb Code     0  startup_stm32h7b0xx.o(.text)
    TIM1_BRK_IRQHandler                      0x080002db   Thumb Code     0  startup_stm32h7b0xx.o(.text)
    TIM1_CC_IRQHandler                       0x080002db   Thumb Code     0  startup_stm32h7b0xx.o(.text)
    TIM1_TRG_COM_IRQHandler                  0x080002db   Thumb Code     0  startup_stm32h7b0xx.o(.text)
    TIM1_UP_IRQHandler                       0x080002db   Thumb Code     0  startup_stm32h7b0xx.o(.text)
    TIM2_IRQHandler                          0x080002db   Thumb Code     0  startup_stm32h7b0xx.o(.text)
    TIM3_IRQHandler                          0x080002db   Thumb Code     0  startup_stm32h7b0xx.o(.text)
    TIM4_IRQHandler                          0x080002db   Thumb Code     0  startup_stm32h7b0xx.o(.text)
    TIM5_IRQHandler                          0x080002db   Thumb Code     0  startup_stm32h7b0xx.o(.text)
    TIM6_DAC_IRQHandler                      0x080002db   Thumb Code     0  startup_stm32h7b0xx.o(.text)
    TIM7_IRQHandler                          0x080002db   Thumb Code     0  startup_stm32h7b0xx.o(.text)
    TIM8_BRK_TIM12_IRQHandler                0x080002db   Thumb Code     0  startup_stm32h7b0xx.o(.text)
    TIM8_CC_IRQHandler                       0x080002db   Thumb Code     0  startup_stm32h7b0xx.o(.text)
    TIM8_TRG_COM_TIM14_IRQHandler            0x080002db   Thumb Code     0  startup_stm32h7b0xx.o(.text)
    TIM8_UP_TIM13_IRQHandler                 0x080002db   Thumb Code     0  startup_stm32h7b0xx.o(.text)
    UART4_IRQHandler                         0x080002db   Thumb Code     0  startup_stm32h7b0xx.o(.text)
    UART5_IRQHandler                         0x080002db   Thumb Code     0  startup_stm32h7b0xx.o(.text)
    UART7_IRQHandler                         0x080002db   Thumb Code     0  startup_stm32h7b0xx.o(.text)
    UART8_IRQHandler                         0x080002db   Thumb Code     0  startup_stm32h7b0xx.o(.text)
    UART9_IRQHandler                         0x080002db   Thumb Code     0  startup_stm32h7b0xx.o(.text)
    USART10_IRQHandler                       0x080002db   Thumb Code     0  startup_stm32h7b0xx.o(.text)
    USART1_IRQHandler                        0x080002db   Thumb Code     0  startup_stm32h7b0xx.o(.text)
    USART2_IRQHandler                        0x080002db   Thumb Code     0  startup_stm32h7b0xx.o(.text)
    USART3_IRQHandler                        0x080002db   Thumb Code     0  startup_stm32h7b0xx.o(.text)
    USART6_IRQHandler                        0x080002db   Thumb Code     0  startup_stm32h7b0xx.o(.text)
    WAKEUP_PIN_IRQHandler                    0x080002db   Thumb Code     0  startup_stm32h7b0xx.o(.text)
    WWDG_IRQHandler                          0x080002db   Thumb Code     0  startup_stm32h7b0xx.o(.text)
    __aeabi_uldivmod                         0x080002e5   Thumb Code    98  uldiv.o(.text)
    __aeabi_memset                           0x08000347   Thumb Code    14  memseta.o(.text)
    __aeabi_memset4                          0x08000347   Thumb Code     0  memseta.o(.text)
    __aeabi_memset8                          0x08000347   Thumb Code     0  memseta.o(.text)
    __aeabi_memclr                           0x08000355   Thumb Code     4  memseta.o(.text)
    __aeabi_memclr4                          0x08000355   Thumb Code     0  memseta.o(.text)
    __aeabi_memclr8                          0x08000355   Thumb Code     0  memseta.o(.text)
    _memset$wrapper                          0x08000359   Thumb Code    18  memseta.o(.text)
    __aeabi_uidiv                            0x0800036b   Thumb Code     0  uidiv.o(.text)
    __aeabi_uidivmod                         0x0800036b   Thumb Code    44  uidiv.o(.text)
    __aeabi_llsl                             0x08000397   Thumb Code    30  llshl.o(.text)
    _ll_shift_l                              0x08000397   Thumb Code     0  llshl.o(.text)
    __aeabi_llsr                             0x080003b5   Thumb Code    32  llushr.o(.text)
    _ll_ushift_r                             0x080003b5   Thumb Code     0  llushr.o(.text)
    __I$use$fp                               0x080003d5   Thumb Code     0  iusefp.o(.text)
    __aeabi_dadd                             0x080003d5   Thumb Code   322  dadd.o(.text)
    __aeabi_dsub                             0x08000517   Thumb Code     6  dadd.o(.text)
    __aeabi_drsub                            0x0800051d   Thumb Code     6  dadd.o(.text)
    __aeabi_dmul                             0x08000523   Thumb Code   228  dmul.o(.text)
    __aeabi_ddiv                             0x08000607   Thumb Code   222  ddiv.o(.text)
    __aeabi_d2ulz                            0x080006e5   Thumb Code    48  dfixul.o(.text)
    __aeabi_cdrcmple                         0x08000715   Thumb Code    48  cdrcmple.o(.text)
    __scatterload                            0x08000745   Thumb Code    28  init.o(.text)
    __scatterload_rt2                        0x08000745   Thumb Code     0  init.o(.text)
    __aeabi_lasr                             0x08000769   Thumb Code    36  llsshr.o(.text)
    _ll_sshift_r                             0x08000769   Thumb Code     0  llsshr.o(.text)
    _double_round                            0x0800078d   Thumb Code    30  depilogue.o(.text)
    _double_epilogue                         0x080007ab   Thumb Code   156  depilogue.o(.text)
    BusFault_Handler                         0x08000847   Thumb Code     2  stm32h7xx_it.o(i.BusFault_Handler)
    DebugMon_Handler                         0x08000849   Thumb Code     2  stm32h7xx_it.o(i.DebugMon_Handler)
    HAL_Delay                                0x0800084d   Thumb Code    32  stm32h7xx_hal.o(i.HAL_Delay)
    HAL_GPIO_Init                            0x08000871   Thumb Code   510  stm32h7xx_hal_gpio.o(i.HAL_GPIO_Init)
    HAL_GPIO_TogglePin                       0x08000aa1   Thumb Code    16  stm32h7xx_hal_gpio.o(i.HAL_GPIO_TogglePin)
    HAL_GPIO_WritePin                        0x08000ab1   Thumb Code    10  stm32h7xx_hal_gpio.o(i.HAL_GPIO_WritePin)
    HAL_GetTick                              0x08000abd   Thumb Code     6  stm32h7xx_hal.o(i.HAL_GetTick)
    HAL_IncTick                              0x08000ac9   Thumb Code    12  stm32h7xx_hal.o(i.HAL_IncTick)
    HAL_Init                                 0x08000ad9   Thumb Code    74  stm32h7xx_hal.o(i.HAL_Init)
    HAL_InitTick                             0x08000b35   Thumb Code    56  stm32h7xx_hal.o(i.HAL_InitTick)
    HAL_MspInit                              0x08000b75   Thumb Code    22  stm32h7xx_hal_msp.o(i.HAL_MspInit)
    HAL_NVIC_SetPriority                     0x08000b91   Thumb Code    60  stm32h7xx_hal_cortex.o(i.HAL_NVIC_SetPriority)
    HAL_NVIC_SetPriorityGrouping             0x08000bd1   Thumb Code    28  stm32h7xx_hal_cortex.o(i.HAL_NVIC_SetPriorityGrouping)
    HAL_PWREx_ConfigSupply                   0x08000bf5   Thumb Code    78  stm32h7xx_hal_pwr_ex.o(i.HAL_PWREx_ConfigSupply)
    HAL_RCCEx_GetD3PCLK1Freq                 0x08000c49   Thumb Code    26  stm32h7xx_hal_rcc_ex.o(i.HAL_RCCEx_GetD3PCLK1Freq)
    HAL_RCCEx_GetPLL2ClockFreq               0x08000c6d   Thumb Code   296  stm32h7xx_hal_rcc_ex.o(i.HAL_RCCEx_GetPLL2ClockFreq)
    HAL_RCCEx_GetPLL3ClockFreq               0x08000db1   Thumb Code   296  stm32h7xx_hal_rcc_ex.o(i.HAL_RCCEx_GetPLL3ClockFreq)
    HAL_RCCEx_PeriphCLKConfig                0x08000ef5   Thumb Code  2160  stm32h7xx_hal_rcc_ex.o(i.HAL_RCCEx_PeriphCLKConfig)
    HAL_RCC_ClockConfig                      0x08001765   Thumb Code   580  stm32h7xx_hal_rcc.o(i.HAL_RCC_ClockConfig)
    HAL_RCC_GetHCLKFreq                      0x080019c1   Thumb Code    52  stm32h7xx_hal_rcc.o(i.HAL_RCC_GetHCLKFreq)
    HAL_RCC_GetPCLK1Freq                     0x08001a05   Thumb Code    26  stm32h7xx_hal_rcc.o(i.HAL_RCC_GetPCLK1Freq)
    HAL_RCC_GetPCLK2Freq                     0x08001a29   Thumb Code    26  stm32h7xx_hal_rcc.o(i.HAL_RCC_GetPCLK2Freq)
    HAL_RCC_GetSysClockFreq                  0x08001a4d   Thumb Code   278  stm32h7xx_hal_rcc.o(i.HAL_RCC_GetSysClockFreq)
    HAL_RCC_OscConfig                        0x08001b85   Thumb Code  1318  stm32h7xx_hal_rcc.o(i.HAL_RCC_OscConfig)
    HAL_SPI_Init                             0x080020b1   Thumb Code   322  stm32h7xx_hal_spi.o(i.HAL_SPI_Init)
    HAL_SPI_MspInit                          0x08002201   Thumb Code   126  spi_w25q64.o(i.HAL_SPI_MspInit)
    HAL_SPI_Transmit                         0x08002291   Thumb Code   566  stm32h7xx_hal_spi.o(i.HAL_SPI_Transmit)
    HAL_SPI_TransmitReceive                  0x080024c7   Thumb Code   800  stm32h7xx_hal_spi.o(i.HAL_SPI_TransmitReceive)
    HAL_SYSTICK_Config                       0x080027e7   Thumb Code    38  stm32h7xx_hal_cortex.o(i.HAL_SYSTICK_Config)
    HAL_UARTEx_DisableFifoMode               0x0800280d   Thumb Code    64  stm32h7xx_hal_uart_ex.o(i.HAL_UARTEx_DisableFifoMode)
    HAL_UARTEx_SetRxFifoThreshold            0x0800284d   Thumb Code    76  stm32h7xx_hal_uart_ex.o(i.HAL_UARTEx_SetRxFifoThreshold)
    HAL_UARTEx_SetTxFifoThreshold            0x08002899   Thumb Code    76  stm32h7xx_hal_uart_ex.o(i.HAL_UARTEx_SetTxFifoThreshold)
    HAL_UART_Init                            0x080028e5   Thumb Code   106  stm32h7xx_hal_uart.o(i.HAL_UART_Init)
    HAL_UART_MspInit                         0x08002951   Thumb Code   120  usart.o(i.HAL_UART_MspInit)
    HAL_UART_Transmit                        0x080029d5   Thumb Code   190  stm32h7xx_hal_uart.o(i.HAL_UART_Transmit)
    HardFault_Handler                        0x08002a93   Thumb Code     2  stm32h7xx_it.o(i.HardFault_Handler)
    KEY_Init                                 0x08002a95   Thumb Code    54  key.o(i.KEY_Init)
    LED_Init                                 0x08002ad5   Thumb Code    68  led.o(i.LED_Init)
    MX_SPI6_Init                             0x08002b21   Thumb Code    70  spi_w25q64.o(i.MX_SPI6_Init)
    MY_SPI_CloseTransfer                     0x08002b71   Thumb Code   188  spi_w25q64.o(i.MY_SPI_CloseTransfer)
    MY_SPI_TransmitReceive                   0x08002c2d   Thumb Code   482  spi_w25q64.o(i.MY_SPI_TransmitReceive)
    MY_SPI_WaitOnFlagUntilTimeout            0x08002e0f   Thumb Code    66  spi_w25q64.o(i.MY_SPI_WaitOnFlagUntilTimeout)
    MemManage_Handler                        0x08002e51   Thumb Code     2  stm32h7xx_it.o(i.MemManage_Handler)
    NMI_Handler                              0x08002e53   Thumb Code     2  stm32h7xx_it.o(i.NMI_Handler)
    PendSV_Handler                           0x08002e55   Thumb Code     2  stm32h7xx_it.o(i.PendSV_Handler)
    SPI_W25Qxx_BlockErase_32K                0x08003155   Thumb Code    64  spi_w25q64.o(i.SPI_W25Qxx_BlockErase_32K)
    SPI_W25Qxx_Init                          0x08003199   Thumb Code    40  spi_w25q64.o(i.SPI_W25Qxx_Init)
    SPI_W25Qxx_ReadBuffer                    0x080031f9   Thumb Code    48  spi_w25q64.o(i.SPI_W25Qxx_ReadBuffer)
    SPI_W25Qxx_ReadID                        0x0800322d   Thumb Code    54  spi_w25q64.o(i.SPI_W25Qxx_ReadID)
    SPI_W25Qxx_Test                          0x08003269   Thumb Code   372  main.o(i.SPI_W25Qxx_Test)
    SPI_W25Qxx_WaitForWriteEnd               0x080035b5   Thumb Code    52  spi_w25q64.o(i.SPI_W25Qxx_WaitForWriteEnd)
    SPI_W25Qxx_WriteBuffer                   0x080035ed   Thumb Code    72  spi_w25q64.o(i.SPI_W25Qxx_WriteBuffer)
    SPI_W25Qxx_WriteEnable                   0x08003635   Thumb Code    36  spi_w25q64.o(i.SPI_W25Qxx_WriteEnable)
    SPI_W25Qxx_WritePage                     0x0800365d   Thumb Code    94  spi_w25q64.o(i.SPI_W25Qxx_WritePage)
    SVC_Handler                              0x08003703   Thumb Code     2  stm32h7xx_it.o(i.SVC_Handler)
    SysTick_Handler                          0x08003705   Thumb Code     4  stm32h7xx_it.o(i.SysTick_Handler)
    SystemClock_Config                       0x08003709   Thumb Code   196  main.o(i.SystemClock_Config)
    SystemInit                               0x080037d1   Thumb Code   166  system_stm32h7xx.o(i.SystemInit)
    UART_AdvFeatureConfig                    0x080038dd   Thumb Code   200  stm32h7xx_hal_uart.o(i.UART_AdvFeatureConfig)
    UART_CheckIdleState                      0x080039a5   Thumb Code    96  stm32h7xx_hal_uart.o(i.UART_CheckIdleState)
    UART_SetConfig                           0x08003a05   Thumb Code   912  stm32h7xx_hal_uart.o(i.UART_SetConfig)
    UART_WaitOnFlagUntilTimeout              0x08003ddd   Thumb Code   164  stm32h7xx_hal_uart.o(i.UART_WaitOnFlagUntilTimeout)
    USART1_Init                              0x08003e81   Thumb Code    66  usart.o(i.USART1_Init)
    UsageFault_Handler                       0x08003ecd   Thumb Code     2  stm32h7xx_it.o(i.UsageFault_Handler)
    __0printf                                0x08003ed1   Thumb Code    22  printfa.o(i.__0printf)
    __1printf                                0x08003ed1   Thumb Code     0  printfa.o(i.__0printf)
    __2printf                                0x08003ed1   Thumb Code     0  printfa.o(i.__0printf)
    __c89printf                              0x08003ed1   Thumb Code     0  printfa.o(i.__0printf)
    printf                                   0x08003ed1   Thumb Code     0  printfa.o(i.__0printf)
    __scatterload_copy                       0x08003f13   Thumb Code    14  handlers.o(i.__scatterload_copy)
    __scatterload_null                       0x08003f21   Thumb Code     2  handlers.o(i.__scatterload_null)
    __scatterload_zeroinit                   0x08003f23   Thumb Code    14  handlers.o(i.__scatterload_zeroinit)
    fputc                                    0x080047e5   Thumb Code    18  usart.o(i.fputc)
    main                                     0x080047fd   Thumb Code    46  main.o(i.main)
    UARTPrescTable                           0x08004830   Data          24  stm32h7xx_hal_uart.o(.constdata)
    D1CorePrescTable                         0x08004858   Data          16  system_stm32h7xx.o(.constdata)
    Region$$Table$$Base                      0x08004978   Number         0  anon$$obj.o(Region$$Table)
    Region$$Table$$Limit                     0x08004998   Number         0  anon$$obj.o(Region$$Table)
    W25Qxx_TestAddr                          0x20000000   Data           4  main.o(.data)
    SPI_Status                               0x20000004   Data           4  main.o(.data)
    uwTickFreq                               0x20000008   Data           1  stm32h7xx_hal.o(.data)
    uwTickPrio                               0x2000000c   Data           4  stm32h7xx_hal.o(.data)
    uwTick                                   0x20000010   Data           4  stm32h7xx_hal.o(.data)
    SystemCoreClock                          0x20000014   Data           4  system_stm32h7xx.o(.data)
    SystemD2Clock                            0x20000018   Data           4  system_stm32h7xx.o(.data)
    __stdout                                 0x2000001c   Data           4  stdout.o(.data)
    W25Qxx_WriteBuffer                       0x20000020   Data       32768  main.o(.bss)
    W25Qxx_ReadBuffer                        0x20008020   Data       32768  main.o(.bss)
    huart1                                   0x20010020   Data         144  usart.o(.bss)
    hspi6                                    0x200100b0   Data         136  spi_w25q64.o(.bss)
    __initial_sp                             0x20010538   Data           0  startup_stm32h7b0xx.o(STACK)



==============================================================================

Memory Map of the image

  Image Entry point : 0x080002ad

  Load Region LR_IROM1 (Base: 0x08000000, Size: 0x000049b8, Max: 0x00020000, ABSOLUTE)

    Execution Region ER_IROM1 (Exec base: 0x08000000, Load base: 0x08000000, Size: 0x00004998, Max: 0x00020000, ABSOLUTE)

    Exec Addr    Load Addr    Size         Type   Attr      Idx    E Section Name        Object

    0x08000000   0x08000000   0x000002ac   Data   RO            3    RESET               startup_stm32h7b0xx.o
    0x080002ac   0x080002ac   0x00000000   Code   RO         3953  * .ARM.Collect$$$$00000000  mc_w.l(entry.o)
    0x080002ac   0x080002ac   0x00000004   Code   RO         4221    .ARM.Collect$$$$00000001  mc_w.l(entry2.o)
    0x080002b0   0x080002b0   0x00000004   Code   RO         4224    .ARM.Collect$$$$00000004  mc_w.l(entry5.o)
    0x080002b4   0x080002b4   0x00000000   Code   RO         4226    .ARM.Collect$$$$00000008  mc_w.l(entry7b.o)
    0x080002b4   0x080002b4   0x00000000   Code   RO         4228    .ARM.Collect$$$$0000000A  mc_w.l(entry8b.o)
    0x080002b4   0x080002b4   0x00000008   Code   RO         4229    .ARM.Collect$$$$0000000B  mc_w.l(entry9a.o)
    0x080002bc   0x080002bc   0x00000000   Code   RO         4231    .ARM.Collect$$$$0000000D  mc_w.l(entry10a.o)
    0x080002bc   0x080002bc   0x00000000   Code   RO         4233    .ARM.Collect$$$$0000000F  mc_w.l(entry11a.o)
    0x080002bc   0x080002bc   0x00000004   Code   RO         4222    .ARM.Collect$$$$00002712  mc_w.l(entry2.o)
    0x080002c0   0x080002c0   0x00000024   Code   RO            4    .text               startup_stm32h7b0xx.o
    0x080002e4   0x080002e4   0x00000062   Code   RO         3956    .text               mc_w.l(uldiv.o)
    0x08000346   0x08000346   0x00000024   Code   RO         3958    .text               mc_w.l(memseta.o)
    0x0800036a   0x0800036a   0x0000002c   Code   RO         4236    .text               mc_w.l(uidiv.o)
    0x08000396   0x08000396   0x0000001e   Code   RO         4238    .text               mc_w.l(llshl.o)
    0x080003b4   0x080003b4   0x00000020   Code   RO         4240    .text               mc_w.l(llushr.o)
    0x080003d4   0x080003d4   0x00000000   Code   RO         4242    .text               mc_w.l(iusefp.o)
    0x080003d4   0x080003d4   0x0000014e   Code   RO         4243    .text               mf_w.l(dadd.o)
    0x08000522   0x08000522   0x000000e4   Code   RO         4245    .text               mf_w.l(dmul.o)
    0x08000606   0x08000606   0x000000de   Code   RO         4247    .text               mf_w.l(ddiv.o)
    0x080006e4   0x080006e4   0x00000030   Code   RO         4249    .text               mf_w.l(dfixul.o)
    0x08000714   0x08000714   0x00000030   Code   RO         4251    .text               mf_w.l(cdrcmple.o)
    0x08000744   0x08000744   0x00000024   Code   RO         4253    .text               mc_w.l(init.o)
    0x08000768   0x08000768   0x00000024   Code   RO         4255    .text               mc_w.l(llsshr.o)
    0x0800078c   0x0800078c   0x000000ba   Code   RO         4257    .text               mf_w.l(depilogue.o)
    0x08000846   0x08000846   0x00000002   Code   RO          191    i.BusFault_Handler  stm32h7xx_it.o
    0x08000848   0x08000848   0x00000002   Code   RO          192    i.DebugMon_Handler  stm32h7xx_it.o
    0x0800084a   0x0800084a   0x00000002   PAD
    0x0800084c   0x0800084c   0x00000024   Code   RO         2452    i.HAL_Delay         stm32h7xx_hal.o
    0x08000870   0x08000870   0x00000230   Code   RO         1555    i.HAL_GPIO_Init     stm32h7xx_hal_gpio.o
    0x08000aa0   0x08000aa0   0x00000010   Code   RO         1558    i.HAL_GPIO_TogglePin  stm32h7xx_hal_gpio.o
    0x08000ab0   0x08000ab0   0x0000000a   Code   RO         1559    i.HAL_GPIO_WritePin  stm32h7xx_hal_gpio.o
    0x08000aba   0x08000aba   0x00000002   PAD
    0x08000abc   0x08000abc   0x0000000c   Code   RO         2468    i.HAL_GetTick       stm32h7xx_hal.o
    0x08000ac8   0x08000ac8   0x00000010   Code   RO         2474    i.HAL_IncTick       stm32h7xx_hal.o
    0x08000ad8   0x08000ad8   0x0000005c   Code   RO         2475    i.HAL_Init          stm32h7xx_hal.o
    0x08000b34   0x08000b34   0x00000040   Code   RO         2476    i.HAL_InitTick      stm32h7xx_hal.o
    0x08000b74   0x08000b74   0x0000001c   Code   RO          370    i.HAL_MspInit       stm32h7xx_hal_msp.o
    0x08000b90   0x08000b90   0x00000040   Code   RO          636    i.HAL_NVIC_SetPriority  stm32h7xx_hal_cortex.o
    0x08000bd0   0x08000bd0   0x00000024   Code   RO          637    i.HAL_NVIC_SetPriorityGrouping  stm32h7xx_hal_cortex.o
    0x08000bf4   0x08000bf4   0x00000054   Code   RO         2156    i.HAL_PWREx_ConfigSupply  stm32h7xx_hal_pwr_ex.o
    0x08000c48   0x08000c48   0x00000024   Code   RO         1204    i.HAL_RCCEx_GetD3PCLK1Freq  stm32h7xx_hal_rcc_ex.o
    0x08000c6c   0x08000c6c   0x00000144   Code   RO         1206    i.HAL_RCCEx_GetPLL2ClockFreq  stm32h7xx_hal_rcc_ex.o
    0x08000db0   0x08000db0   0x00000144   Code   RO         1207    i.HAL_RCCEx_GetPLL3ClockFreq  stm32h7xx_hal_rcc_ex.o
    0x08000ef4   0x08000ef4   0x00000870   Code   RO         1213    i.HAL_RCCEx_PeriphCLKConfig  stm32h7xx_hal_rcc_ex.o
    0x08001764   0x08001764   0x0000025c   Code   RO         1089    i.HAL_RCC_ClockConfig  stm32h7xx_hal_rcc.o
    0x080019c0   0x080019c0   0x00000044   Code   RO         1094    i.HAL_RCC_GetHCLKFreq  stm32h7xx_hal_rcc.o
    0x08001a04   0x08001a04   0x00000024   Code   RO         1096    i.HAL_RCC_GetPCLK1Freq  stm32h7xx_hal_rcc.o
    0x08001a28   0x08001a28   0x00000024   Code   RO         1097    i.HAL_RCC_GetPCLK2Freq  stm32h7xx_hal_rcc.o
    0x08001a4c   0x08001a4c   0x00000138   Code   RO         1098    i.HAL_RCC_GetSysClockFreq  stm32h7xx_hal_rcc.o
    0x08001b84   0x08001b84   0x0000052c   Code   RO         1101    i.HAL_RCC_OscConfig  stm32h7xx_hal_rcc.o
    0x080020b0   0x080020b0   0x00000150   Code   RO          776    i.HAL_SPI_Init      stm32h7xx_hal_spi.o
    0x08002200   0x08002200   0x00000090   Code   RO          500    i.HAL_SPI_MspInit   spi_w25q64.o
    0x08002290   0x08002290   0x00000236   Code   RO          784    i.HAL_SPI_Transmit  stm32h7xx_hal_spi.o
    0x080024c6   0x080024c6   0x00000320   Code   RO          785    i.HAL_SPI_TransmitReceive  stm32h7xx_hal_spi.o
    0x080027e6   0x080027e6   0x00000026   Code   RO          641    i.HAL_SYSTICK_Config  stm32h7xx_hal_cortex.o
    0x0800280c   0x0800280c   0x00000040   Code   RO         3807    i.HAL_UARTEx_DisableFifoMode  stm32h7xx_hal_uart_ex.o
    0x0800284c   0x0800284c   0x0000004c   Code   RO         3815    i.HAL_UARTEx_SetRxFifoThreshold  stm32h7xx_hal_uart_ex.o
    0x08002898   0x08002898   0x0000004c   Code   RO         3816    i.HAL_UARTEx_SetTxFifoThreshold  stm32h7xx_hal_uart_ex.o
    0x080028e4   0x080028e4   0x0000006a   Code   RO         3416    i.HAL_UART_Init     stm32h7xx_hal_uart.o
    0x0800294e   0x0800294e   0x00000002   PAD
    0x08002950   0x08002950   0x00000084   Code   RO          454    i.HAL_UART_MspInit  usart.o
    0x080029d4   0x080029d4   0x000000be   Code   RO         3425    i.HAL_UART_Transmit  stm32h7xx_hal_uart.o
    0x08002a92   0x08002a92   0x00000002   Code   RO          193    i.HardFault_Handler  stm32h7xx_it.o
    0x08002a94   0x08002a94   0x00000040   Code   RO          421    i.KEY_Init          key.o
    0x08002ad4   0x08002ad4   0x0000004c   Code   RO          394    i.LED_Init          led.o
    0x08002b20   0x08002b20   0x00000050   Code   RO          501    i.MX_SPI6_Init      spi_w25q64.o
    0x08002b70   0x08002b70   0x000000bc   Code   RO          502    i.MY_SPI_CloseTransfer  spi_w25q64.o
    0x08002c2c   0x08002c2c   0x000001e2   Code   RO          503    i.MY_SPI_TransmitReceive  spi_w25q64.o
    0x08002e0e   0x08002e0e   0x00000042   Code   RO          504    i.MY_SPI_WaitOnFlagUntilTimeout  spi_w25q64.o
    0x08002e50   0x08002e50   0x00000002   Code   RO          194    i.MemManage_Handler  stm32h7xx_it.o
    0x08002e52   0x08002e52   0x00000002   Code   RO          195    i.NMI_Handler       stm32h7xx_it.o
    0x08002e54   0x08002e54   0x00000002   Code   RO          196    i.PendSV_Handler    stm32h7xx_it.o
    0x08002e56   0x08002e56   0x00000002   PAD
    0x08002e58   0x08002e58   0x00000120   Code   RO         1215    i.RCCEx_PLL2_Config  stm32h7xx_hal_rcc_ex.o
    0x08002f78   0x08002f78   0x00000120   Code   RO         1216    i.RCCEx_PLL3_Config  stm32h7xx_hal_rcc_ex.o
    0x08003098   0x08003098   0x000000bc   Code   RO          795    i.SPI_CloseTransfer  stm32h7xx_hal_spi.o
    0x08003154   0x08003154   0x00000044   Code   RO          505    i.SPI_W25Qxx_BlockErase_32K  spi_w25q64.o
    0x08003198   0x08003198   0x00000060   Code   RO          508    i.SPI_W25Qxx_Init   spi_w25q64.o
    0x080031f8   0x080031f8   0x00000034   Code   RO          509    i.SPI_W25Qxx_ReadBuffer  spi_w25q64.o
    0x0800322c   0x0800322c   0x0000003c   Code   RO          510    i.SPI_W25Qxx_ReadID  spi_w25q64.o
    0x08003268   0x08003268   0x0000034c   Code   RO           14    i.SPI_W25Qxx_Test   main.o
    0x080035b4   0x080035b4   0x00000038   Code   RO          512    i.SPI_W25Qxx_WaitForWriteEnd  spi_w25q64.o
    0x080035ec   0x080035ec   0x00000048   Code   RO          513    i.SPI_W25Qxx_WriteBuffer  spi_w25q64.o
    0x08003634   0x08003634   0x00000028   Code   RO          514    i.SPI_W25Qxx_WriteEnable  spi_w25q64.o
    0x0800365c   0x0800365c   0x00000064   Code   RO          515    i.SPI_W25Qxx_WritePage  spi_w25q64.o
    0x080036c0   0x080036c0   0x00000042   Code   RO          812    i.SPI_WaitOnFlagUntilTimeout  stm32h7xx_hal_spi.o
    0x08003702   0x08003702   0x00000002   Code   RO          197    i.SVC_Handler       stm32h7xx_it.o
    0x08003704   0x08003704   0x00000004   Code   RO          198    i.SysTick_Handler   stm32h7xx_it.o
    0x08003708   0x08003708   0x000000c8   Code   RO           15    i.SystemClock_Config  main.o
    0x080037d0   0x080037d0   0x000000c8   Code   RO         3920    i.SystemInit        system_stm32h7xx.o
    0x08003898   0x08003898   0x00000044   Code   RO         3820    i.UARTEx_SetNbDataToProcess  stm32h7xx_hal_uart_ex.o
    0x080038dc   0x080038dc   0x000000c8   Code   RO         3430    i.UART_AdvFeatureConfig  stm32h7xx_hal_uart.o
    0x080039a4   0x080039a4   0x00000060   Code   RO         3431    i.UART_CheckIdleState  stm32h7xx_hal_uart.o
    0x08003a04   0x08003a04   0x000003d8   Code   RO         3448    i.UART_SetConfig    stm32h7xx_hal_uart.o
    0x08003ddc   0x08003ddc   0x000000a4   Code   RO         3455    i.UART_WaitOnFlagUntilTimeout  stm32h7xx_hal_uart.o
    0x08003e80   0x08003e80   0x0000004c   Code   RO          455    i.USART1_Init       usart.o
    0x08003ecc   0x08003ecc   0x00000002   Code   RO          199    i.UsageFault_Handler  stm32h7xx_it.o
    0x08003ece   0x08003ece   0x00000002   PAD
    0x08003ed0   0x08003ed0   0x00000020   Code   RO         4193    i.__0printf         mc_w.l(printfa.o)
    0x08003ef0   0x08003ef0   0x00000022   Code   RO          643    i.__NVIC_SetPriority  stm32h7xx_hal_cortex.o
    0x08003f12   0x08003f12   0x0000000e   Code   RO         4261    i.__scatterload_copy  mc_w.l(handlers.o)
    0x08003f20   0x08003f20   0x00000002   Code   RO         4262    i.__scatterload_null  mc_w.l(handlers.o)
    0x08003f22   0x08003f22   0x0000000e   Code   RO         4263    i.__scatterload_zeroinit  mc_w.l(handlers.o)
    0x08003f30   0x08003f30   0x00000184   Code   RO         4200    i._fp_digits        mc_w.l(printfa.o)
    0x080040b4   0x080040b4   0x000006dc   Code   RO         4201    i._printf_core      mc_w.l(printfa.o)
    0x08004790   0x08004790   0x00000024   Code   RO         4202    i._printf_post_padding  mc_w.l(printfa.o)
    0x080047b4   0x080047b4   0x0000002e   Code   RO         4203    i._printf_pre_padding  mc_w.l(printfa.o)
    0x080047e2   0x080047e2   0x00000002   PAD
    0x080047e4   0x080047e4   0x00000018   Code   RO          456    i.fputc             usart.o
    0x080047fc   0x080047fc   0x00000034   Code   RO           16    i.main              main.o
    0x08004830   0x08004830   0x00000018   Data   RO         3456    .constdata          stm32h7xx_hal_uart.o
    0x08004848   0x08004848   0x00000010   Data   RO         3821    .constdata          stm32h7xx_hal_uart_ex.o
    0x08004858   0x08004858   0x00000010   Data   RO         3921    .constdata          system_stm32h7xx.o
    0x08004868   0x08004868   0x0000010f   Data   RO           18    .conststring        main.o
    0x08004977   0x08004977   0x00000001   PAD
    0x08004978   0x08004978   0x00000020   Data   RO         4259    Region$$Table       anon$$obj.o


    Execution Region RW_IRAM1 (Exec base: 0x20000000, Load base: 0x08004998, Size: 0x00010538, Max: 0x00020000, ABSOLUTE)

    Exec Addr    Load Addr    Size         Type   Attr      Idx    E Section Name        Object

    0x20000000   0x08004998   0x00000008   Data   RW           19    .data               main.o
    0x20000008   0x080049a0   0x0000000c   Data   RW         2494    .data               stm32h7xx_hal.o
    0x20000014   0x080049ac   0x00000008   Data   RW         3922    .data               system_stm32h7xx.o
    0x2000001c   0x080049b4   0x00000004   Data   RW         4235    .data               mc_w.l(stdout.o)
    0x20000020        -       0x00010000   Zero   RW           17    .bss                main.o
    0x20010020        -       0x00000090   Zero   RW          457    .bss                usart.o
    0x200100b0        -       0x00000088   Zero   RW          516    .bss                spi_w25q64.o
    0x20010138        -       0x00000400   Zero   RW            1    STACK               startup_stm32h7b0xx.o


==============================================================================

Image component sizes


      Code (inc. data)   RO Data    RW Data    ZI Data      Debug   Object Name

        64         10          0          0          0       1015   key.o
        76          8          0          0          0       1087   led.o
      1096        482        271          8      65536     189707   main.o
      1504        112          0          0        136      11493   spi_w25q64.o
        36          8        684          0       1024        844   startup_stm32h7b0xx.o
       220         40          0         12          0      23653   stm32h7xx_hal.o
       172         12          0          0          0      38998   stm32h7xx_hal_cortex.o
       586         50          0          0          0       3417   stm32h7xx_hal_gpio.o
        28          6          0          0          0        962   stm32h7xx_hal_msp.o
        84          6          0          0          0        805   stm32h7xx_hal_pwr_ex.o
      2380        108          0          0          0       7236   stm32h7xx_hal_rcc.o
      3420        122          0          0          0       7981   stm32h7xx_hal_rcc_ex.o
      1956         14          0          0          0       7356   stm32h7xx_hal_spi.o
      1740        114         24          0          0      26078   stm32h7xx_hal_uart.o
       284          6         16          0          0       3893   stm32h7xx_hal_uart_ex.o
        20          0          0          0          0    1092939   stm32h7xx_it.o
       200         34         16          8          0       1586   system_stm32h7xx.o
       232         28          0          0        144       3750   usart.o

    ----------------------------------------------------------------------
     14108       1160       1044         28      66840    1422800   Object Totals
         0          0         32          0          0          0   (incl. Generated)
        10          0          1          0          0          0   (incl. Padding)

    ----------------------------------------------------------------------

      Code (inc. data)   RO Data    RW Data    ZI Data      Debug   Library Member Name

         0          0          0          0          0          0   entry.o
         0          0          0          0          0          0   entry10a.o
         0          0          0          0          0          0   entry11a.o
         8          4          0          0          0          0   entry2.o
         4          0          0          0          0          0   entry5.o
         0          0          0          0          0          0   entry7b.o
         0          0          0          0          0          0   entry8b.o
         8          4          0          0          0          0   entry9a.o
        30          0          0          0          0          0   handlers.o
        36          8          0          0          0         68   init.o
         0          0          0          0          0          0   iusefp.o
        30          0          0          0          0         68   llshl.o
        36          0          0          0          0         68   llsshr.o
        32          0          0          0          0         68   llushr.o
        36          0          0          0          0        108   memseta.o
      2258         90          0          0          0        452   printfa.o
         0          0          0          4          0          0   stdout.o
        44          0          0          0          0         80   uidiv.o
        98          0          0          0          0         92   uldiv.o
        48          0          0          0          0         68   cdrcmple.o
       334          0          0          0          0        148   dadd.o
       222          0          0          0          0        100   ddiv.o
       186          0          0          0          0        176   depilogue.o
        48          0          0          0          0         68   dfixul.o
       228          0          0          0          0         96   dmul.o

    ----------------------------------------------------------------------
      3688        106          0          4          0       1660   Library Totals
         2          0          0          0          0          0   (incl. Padding)

    ----------------------------------------------------------------------

      Code (inc. data)   RO Data    RW Data    ZI Data      Debug   Library Name

      2620        106          0          4          0       1004   mc_w.l
      1066          0          0          0          0        656   mf_w.l

    ----------------------------------------------------------------------
      3688        106          0          4          0       1660   Library Totals

    ----------------------------------------------------------------------

==============================================================================


      Code (inc. data)   RO Data    RW Data    ZI Data      Debug   

     17796       1266       1044         32      66840    1417432   Grand Totals
     17796       1266       1044         32      66840    1417432   ELF Image Totals
     17796       1266       1044         32          0          0   ROM Totals

==============================================================================

    Total RO  Size (Code + RO Data)                18840 (  18.40kB)
    Total RW  Size (RW Data + ZI Data)             66872 (  65.30kB)
    Total ROM Size (Code + RO Data + RW Data)      18872 (  18.43kB)

==============================================================================

